> Task :arengine:preBuild UP-TO-DATE
> Task :arengine:preDebugBuild UP-TO-DATE
> Task :arengine:generateDebugResources UP-TO-DATE
> Task :arengine:packageDebugResources UP-TO-DATE
> Task :arengine:processDebugNavigationResources UP-TO-DATE
> Task :arengine:parseDebugLocalResources UP-TO-DATE
> Task :arengine:generateDebugRFile UP-TO-DATE
> Task :arengine:javaPreCompileDebug UP-TO-DATE
> Task :arengine:preDebugUnitTestBuild UP-TO-DATE
> Task :arengine:generateDebugUnitTestStubRFile UP-TO-DATE
> Task :arengine:javaPreCompileDebugUnitTest UP-TO-DATE
> Task :arengine:compileDebugKotlin
> Task :arengine:compileDebugJavaWithJavac NO-SOURCE
> Task :arengine:processDebugJavaRes UP-TO-DATE
> Task :arengine:bundleLibRuntimeToJarDebug
> Task :arengine:bundleLibCompileToJarDebug
> Task :arengine:compileDebugUnitTestKotlin
> Task :arengine:compileDebugUnitTestJavaWithJavac NO-SOURCE
> Task :arengine:processDebugUnitTestJavaRes UP-TO-DATE
> Task :arengine:testDebugUnitTest

[Incubating] Problems report is available at: file:///C:/Indian%20Servers/AIExplorer/build/reports/problems/problems-report.html

Deprecated Gradle features were used in this build, making it incompatible with Gradle 10.

You can use '--warning-mode all' to show the individual deprecation warnings and determine if they come from your own scripts or plugins.

For more on this, please refer to https://docs.gradle.org/9.6.1/userguide/command_line_interface.html#sec:command_line_warnings in the Gradle documentation.

BUILD SUCCESSFUL in 16s
15 actionable tasks: 5 executed, 10 up-to-date
Consider enabling configuration cache to speed up this build: https://docs.gradle.org/9.6.1/userguide/configuration_cache_enabling.html
