
com.indianservers.aiexplorer.ArCadPhaseTwoUiTest:
Error in realPreviewPicksFaceEdgeVertexAndDragsConnectedVertex(com.indianservers.aiexplorer.ArCadPhaseTwoUiTest):
java.lang.AssertionError: expected null, but was:<-1.0,-1.0,-1.0;1.0,-1.0,-1.0;1.0,1.0,-1.0;-1.0,1.0,-1.0;-1.0,-1.0,1.0;1.0,-1.0,1.0;1.0,1.0,1.0;-1.0,1.0,1.0|0,1,2,0,2,3,4,7,6,4,6,5,0,4,5,0,5,1,3,2,6,3,6,7,0,3,7,0,7,4,1,5,6,1,6,2|0,1;1,2;2,3;0,3;4,7;6,7;5,6;4,5;0,4;1,5;2,6;3,7>
	at org.junit.Assert.fail(Assert.java:89)
	at org.junit.Assert.failNotNull(Assert.java:756)
	at org.junit.Assert.assertNull(Assert.java:738)
	at org.junit.Assert.assertNull(Assert.java:748)
	at com.indianservers.aiexplorer.ArCadPhaseTwoUiTest.realPreviewPicksFaceEdgeVertexAndDragsConnectedVertex$lambda$14(ArCadPhaseTwoUiTest.kt:64)
	at com.indianservers.aiexplorer.ArCadPhaseTwoUiTest$$ExternalSyntheticLambda2.invoke(D8$$SyntheticClass:0)
	at androidx.compose.ui.test.AndroidSynchronization_androidKt.runOnUiThread$lambda$0(AndroidSynchronization.android.kt:39)
	at androidx.compose.ui.test.AndroidSynchronization_androidKt$$ExternalSyntheticLambda0.call(D8$$SyntheticClass:0)
	at java.util.concurrent.FutureTask.run(FutureTask.java:264)
	at java.util.concurrent.Executors$RunnableAdapter.call(Executors.java:487)
	at java.util.concurrent.FutureTask.run(FutureTask.java:264)
	at android.app.Instrumentation$SyncRunnable.run(Instrumentation.java:2612)
	at android.os.Handler.handleCallback(Handler.java:959)
	at android.os.Handler.dispatchMessage(Handler.java:100)
	at android.os.Looper.loopOnce(Looper.java:232)
	at android.os.Looper.loop(Looper.java:317)
	at android.app.ActivityThread.main(ActivityThread.java:8705)
	at java.lang.reflect.Method.invoke(Native Method)
	at com.android.internal.os.RuntimeInit$MethodAndArgsCaller.run(RuntimeInit.java:580)
	at com.android.internal.os.ZygoteInit.main(ZygoteInit.java:886)
	Suppressed: java.util.concurrent.ExecutionException: An Exception occurred on the UI thread during runOnUiThread()
		at androidx.compose.ui.test.AndroidSynchronization_androidKt.runOnUiThread(AndroidSynchronization.android.kt:50)
		at androidx.compose.ui.test.AndroidComposeUiTestEnvironment$AndroidComposeUiTestImpl.runOnUiThread(ComposeUiTest.android.kt:834)
		at androidx.compose.ui.test.AndroidComposeUiTestEnvironment$AndroidComposeUiTestImpl.runOnIdle(ComposeUiTest.android.kt:841)
		at androidx.compose.ui.test.junit4.AndroidComposeTestRule.runOnIdle(AndroidComposeTestRule.android.kt:475)
		at com.indianservers.aiexplorer.ArCadPhaseTwoUiTest.realPreviewPicksFaceEdgeVertexAndDragsConnectedVertex(ArCadPhaseTwoUiTest.kt:62)
		at java.lang.reflect.Method.invoke(Native Method)
		at org.junit.runners.model.FrameworkMethod$1.runReflectiveCall(FrameworkMethod.java:59)
		at org.junit.internal.runners.model.ReflectiveCallable.run(ReflectiveCallable.java:12)
		at org.junit.runners.model.FrameworkMethod.invokeExplosively(FrameworkMethod.java:56)
		at org.junit.internal.runners.statements.InvokeMethod.evaluate(InvokeMethod.java:17)
		at androidx.compose.ui.test.junit4.AndroidComposeTestRule$apply$testWithDisposal$1.evaluate(AndroidComposeTestRule.android.kt:418)
		at org.junit.rules.ExternalResource$1.evaluate(ExternalResource.java:54)
		at androidx.compose.ui.test.junit4.AndroidComposeTestRule$apply$1$evaluate$1.invokeSuspend(AndroidComposeTestRule.android.kt:438)
		at androidx.compose.ui.test.junit4.AndroidComposeTestRule$apply$1$evaluate$1.invoke(Unknown Source:8)
		at androidx.compose.ui.test.junit4.AndroidComposeTestRule$apply$1$evaluate$1.invoke(Unknown Source:4)
		at androidx.compose.ui.test.AndroidComposeUiTestEnvironment$runTest$1$1$1$1$1.invokeSuspend(ComposeUiTest.android.kt:682)
		at androidx.compose.ui.test.AndroidComposeUiTestEnvironment$runTest$1$1$1$1$1.invoke(Unknown Source:8)
		at androidx.compose.ui.test.AndroidComposeUiTestEnvironment$runTest$1$1$1$1$1.invoke(Unknown Source:2)
		at androidx.compose.ui.test.EspressoLink.withStrategy(EspressoLink.android.kt:69)
		at androidx.compose.ui.test.AndroidComposeUiTestEnvironment$runTest$1$1.invokeSuspend(ComposeUiTest.android.kt:679)
		at androidx.compose.ui.test.AndroidComposeUiTestEnvironment$runTest$1$1.invoke(Unknown Source:8)
		at androidx.compose.ui.test.AndroidComposeUiTestEnvironment$runTest$1$1.invoke(Unknown Source:4)
		at kotlinx.coroutines.test.TestBuildersKt__TestBuildersKt$runTest$2$1$1.invokeSuspend(TestBuilders.kt:318)
		at kotlin.coroutines.jvm.internal.BaseContinuationImpl.resumeWith(ContinuationImpl.kt:34)
		at kotlinx.coroutines.DispatchedTask.run(DispatchedTask.kt:101)
		at kotlinx.coroutines.test.TestDispatcher.processEvent$kotlinx_coroutines_test(TestDispatcher.kt:24)
		at kotlinx.coroutines.test.TestCoroutineScheduler.tryRunNextTaskUnless$kotlinx_coroutines_test(TestCoroutineScheduler.kt:99)
		at kotlinx.coroutines.test.TestBuildersKt__TestBuildersKt$runTest$2$1$workRunner$1.invokeSuspend(TestBuilders.kt:327)
		at kotlin.coroutines.jvm.internal.BaseContinuationImpl.resumeWith(ContinuationImpl.kt:34)
		at kotlinx.coroutines.DispatchedTask.run(DispatchedTask.kt:101)
		at kotlinx.coroutines.EventLoopImplBase.processNextEvent(EventLoop.common.kt:263)
		at kotlinx.coroutines.BlockingCoroutine.joinBlocking(Builders.kt:95)
		at kotlinx.coroutines.BuildersKt__BuildersKt.runBlocking(Builders.kt:69)
		at kotlinx.coroutines.BuildersKt.runBlocking(Unknown Source:1)
		at kotlinx.coroutines.BuildersKt__BuildersKt.runBlocking$default(Builders.kt:47)
		at kotlinx.coroutines.BuildersKt.runBlocking$default(Unknown Source:1)
		at kotlinx.coroutines.test.TestBuildersJvmKt.createTestResult(TestBuildersJvm.kt:10)
		at kotlinx.coroutines.test.TestBuildersKt__TestBuildersKt.runTest-8Mi8wO0(TestBuilders.kt:310)
		at kotlinx.coroutines.test.TestBuildersKt.runTest-8Mi8wO0(Unknown Source:1)
		at kotlinx.coroutines.test.TestBuildersKt__TestBuildersKt.runTest-8Mi8wO0(TestBuilders.kt:168)
		at kotlinx.coroutines.test.TestBuildersKt.runTest-8Mi8wO0(Unknown Source:1)
		at androidx.compose.ui.test.AndroidComposeUiTestEnvironment.runTest(ComposeUiTest.android.kt:658)
		at androidx.compose.ui.test.junit4.AndroidComposeTestRule$apply$1.evaluate(AndroidComposeTestRule.android.kt:438)
		at org.junit.runners.ParentRunner$3.evaluate(ParentRunner.java:306)
		at org.junit.runners.BlockJUnit4ClassRunner$1.evaluate(BlockJUnit4ClassRunner.java:100)
		at org.junit.runners.ParentRunner.runLeaf(ParentRunner.java:366)
		at org.junit.runners.BlockJUnit4ClassRunner.runChild(BlockJUnit4ClassRunner.java:103)
		at org.junit.runners.BlockJUnit4ClassRunner.runChild(BlockJUnit4ClassRunner.java:63)
		at org.junit.runners.ParentRunner$4.run(ParentRunner.java:331)
		at org.junit.runners.ParentRunner$1.schedule(ParentRunner.java:79)
		at org.junit.runners.ParentRunner.runChildren(ParentRunner.java:329)
		at org.junit.runners.ParentRunner.access$100(ParentRunner.java:66)
		at org.junit.runners.ParentRunner$2.evaluate(ParentRunner.java:293)
		at org.junit.runners.ParentRunner$3.evaluate(ParentRunner.java:306)
		at org.junit.runners.ParentRunner.run(ParentRunner.java:413)
		at org.junit.runners.Suite.runChild(Suite.java:128)
		at org.junit.runners.Suite.runChild(Suite.java:27)
		at org.junit.runners.ParentRunner$4.run(ParentRunner.java:331)
		at org.junit.runners.ParentRunner$1.schedule(ParentRunner.java:79)
		at org.junit.runners.ParentRunner.runChildren(ParentRunner.java:329)
		at org.junit.runners.ParentRunner.access$100(ParentRunner.java:66)
		at org.junit.runners.ParentRunner$2.evaluate(ParentRunner.java:293)
		at org.junit.runners.ParentRunner$3.evaluate(ParentRunner.java:306)
		at org.junit.runners.ParentRunner.run(ParentRunner.java:413)
		at org.junit.runner.JUnitCore.run(JUnitCore.java:137)
		at org.junit.runner.JUnitCore.run(JUnitCore.java:115)
		at androidx.test.internal.runner.TestExecutor.execute(TestExecutor.java:68)
		at androidx.test.internal.runner.TestExecutor.execute(TestExecutor.java:59)
		at androidx.test.runner.AndroidJUnitRunner.onStart(AndroidJUnitRunner.java:467)
		at android.app.Instrumentation$InstrumentationThread.run(Instrumentation.java:2594)
.
com.indianservers.aiexplorer.ArGraphPhaseOneUiTest:.
com.indianservers.aiexplorer.ArSpaceMenuUiTest:.
com.indianservers.aiexplorer.ArHandInferenceDeviceTest:..

Time: 72.779
There was 1 failure:
1) realPreviewPicksFaceEdgeVertexAndDragsConnectedVertex(com.indianservers.aiexplorer.ArCadPhaseTwoUiTest)
java.lang.AssertionError: expected null, but was:<-1.0,-1.0,-1.0;1.0,-1.0,-1.0;1.0,1.0,-1.0;-1.0,1.0,-1.0;-1.0,-1.0,1.0;1.0,-1.0,1.0;1.0,1.0,1.0;-1.0,1.0,1.0|0,1,2,0,2,3,4,7,6,4,6,5,0,4,5,0,5,1,3,2,6,3,6,7,0,3,7,0,7,4,1,5,6,1,6,2|0,1;1,2;2,3;0,3;4,7;6,7;5,6;4,5;0,4;1,5;2,6;3,7>
	at org.junit.Assert.fail(Assert.java:89)
	at org.junit.Assert.failNotNull(Assert.java:756)
	at org.junit.Assert.assertNull(Assert.java:738)
	at org.junit.Assert.assertNull(Assert.java:748)
	at com.indianservers.aiexplorer.ArCadPhaseTwoUiTest.realPreviewPicksFaceEdgeVertexAndDragsConnectedVertex$lambda$14(ArCadPhaseTwoUiTest.kt:64)
	at com.indianservers.aiexplorer.ArCadPhaseTwoUiTest$$ExternalSyntheticLambda2.invoke(D8$$SyntheticClass:0)
	at androidx.compose.ui.test.AndroidSynchronization_androidKt.runOnUiThread$lambda$0(AndroidSynchronization.android.kt:39)
	at androidx.compose.ui.test.AndroidSynchronization_androidKt$$ExternalSyntheticLambda0.call(D8$$SyntheticClass:0)
	at java.util.concurrent.FutureTask.run(FutureTask.java:264)
	at java.util.concurrent.Executors$RunnableAdapter.call(Executors.java:487)
	at java.util.concurrent.FutureTask.run(FutureTask.java:264)
	at android.app.Instrumentation$SyncRunnable.run(Instrumentation.java:2612)
	at android.os.Handler.handleCallback(Handler.java:959)
	at android.os.Handler.dispatchMessage(Handler.java:100)
	at android.os.Looper.loopOnce(Looper.java:232)
	at android.os.Looper.loop(Looper.java:317)
	at android.app.ActivityThread.main(ActivityThread.java:8705)
	at java.lang.reflect.Method.invoke(Native Method)
	at com.android.internal.os.RuntimeInit$MethodAndArgsCaller.run(RuntimeInit.java:580)
	at com.android.internal.os.ZygoteInit.main(ZygoteInit.java:886)
	Suppressed: java.util.concurrent.ExecutionException: An Exception occurred on the UI thread during runOnUiThread()
		at androidx.compose.ui.test.AndroidSynchronization_androidKt.runOnUiThread(AndroidSynchronization.android.kt:50)
		at androidx.compose.ui.test.AndroidComposeUiTestEnvironment$AndroidComposeUiTestImpl.runOnUiThread(ComposeUiTest.android.kt:834)
		at androidx.compose.ui.test.AndroidComposeUiTestEnvironment$AndroidComposeUiTestImpl.runOnIdle(ComposeUiTest.android.kt:841)
		at androidx.compose.ui.test.junit4.AndroidComposeTestRule.runOnIdle(AndroidComposeTestRule.android.kt:475)
		at com.indianservers.aiexplorer.ArCadPhaseTwoUiTest.realPreviewPicksFaceEdgeVertexAndDragsConnectedVertex(ArCadPhaseTwoUiTest.kt:62)
		at java.lang.reflect.Method.invoke(Native Method)
		at org.junit.runners.model.FrameworkMethod$1.runReflectiveCall(FrameworkMethod.java:59)
		at org.junit.internal.runners.model.ReflectiveCallable.run(ReflectiveCallable.java:12)
		at org.junit.runners.model.FrameworkMethod.invokeExplosively(FrameworkMethod.java:56)
		at org.junit.internal.runners.statements.InvokeMethod.evaluate(InvokeMethod.java:17)
		at androidx.compose.ui.test.junit4.AndroidComposeTestRule$apply$testWithDisposal$1.evaluate(AndroidComposeTestRule.android.kt:418)
		at org.junit.rules.ExternalResource$1.evaluate(ExternalResource.java:54)
		at androidx.compose.ui.test.junit4.AndroidComposeTestRule$apply$1$evaluate$1.invokeSuspend(AndroidComposeTestRule.android.kt:438)
		at androidx.compose.ui.test.junit4.AndroidComposeTestRule$apply$1$evaluate$1.invoke(Unknown Source:8)
		at androidx.compose.ui.test.junit4.AndroidComposeTestRule$apply$1$evaluate$1.invoke(Unknown Source:4)
		at androidx.compose.ui.test.AndroidComposeUiTestEnvironment$runTest$1$1$1$1$1.invokeSuspend(ComposeUiTest.android.kt:682)
		at androidx.compose.ui.test.AndroidComposeUiTestEnvironment$runTest$1$1$1$1$1.invoke(Unknown Source:8)
		at androidx.compose.ui.test.AndroidComposeUiTestEnvironment$runTest$1$1$1$1$1.invoke(Unknown Source:2)
		at androidx.compose.ui.test.EspressoLink.withStrategy(EspressoLink.android.kt:69)
		at androidx.compose.ui.test.AndroidComposeUiTestEnvironment$runTest$1$1.invokeSuspend(ComposeUiTest.android.kt:679)
		at androidx.compose.ui.test.AndroidComposeUiTestEnvironment$runTest$1$1.invoke(Unknown Source:8)
		at androidx.compose.ui.test.AndroidComposeUiTestEnvironment$runTest$1$1.invoke(Unknown Source:4)
		at kotlinx.coroutines.test.TestBuildersKt__TestBuildersKt$runTest$2$1$1.invokeSuspend(TestBuilders.kt:318)
		at kotlin.coroutines.jvm.internal.BaseContinuationImpl.resumeWith(ContinuationImpl.kt:34)
		at kotlinx.coroutines.DispatchedTask.run(DispatchedTask.kt:101)
		at kotlinx.coroutines.test.TestDispatcher.processEvent$kotlinx_coroutines_test(TestDispatcher.kt:24)
		at kotlinx.coroutines.test.TestCoroutineScheduler.tryRunNextTaskUnless$kotlinx_coroutines_test(TestCoroutineScheduler.kt:99)
		at kotlinx.coroutines.test.TestBuildersKt__TestBuildersKt$runTest$2$1$workRunner$1.invokeSuspend(TestBuilders.kt:327)
		at kotlin.coroutines.jvm.internal.BaseContinuationImpl.resumeWith(ContinuationImpl.kt:34)
		at kotlinx.coroutines.DispatchedTask.run(DispatchedTask.kt:101)
		at kotlinx.coroutines.EventLoopImplBase.processNextEvent(EventLoop.common.kt:263)
		at kotlinx.coroutines.BlockingCoroutine.joinBlocking(Builders.kt:95)
		at kotlinx.coroutines.BuildersKt__BuildersKt.runBlocking(Builders.kt:69)
		at kotlinx.coroutines.BuildersKt.runBlocking(Unknown Source:1)
		at kotlinx.coroutines.BuildersKt__BuildersKt.runBlocking$default(Builders.kt:47)
		at kotlinx.coroutines.BuildersKt.runBlocking$default(Unknown Source:1)
		at kotlinx.coroutines.test.TestBuildersJvmKt.createTestResult(TestBuildersJvm.kt:10)
		at kotlinx.coroutines.test.TestBuildersKt__TestBuildersKt.runTest-8Mi8wO0(TestBuilders.kt:310)
		at kotlinx.coroutines.test.TestBuildersKt.runTest-8Mi8wO0(Unknown Source:1)
		at kotlinx.coroutines.test.TestBuildersKt__TestBuildersKt.runTest-8Mi8wO0(TestBuilders.kt:168)
		at kotlinx.coroutines.test.TestBuildersKt.runTest-8Mi8wO0(Unknown Source:1)
		at androidx.compose.ui.test.AndroidComposeUiTestEnvironment.runTest(ComposeUiTest.android.kt:658)
		at androidx.compose.ui.test.junit4.AndroidComposeTestRule$apply$1.evaluate(AndroidComposeTestRule.android.kt:438)
		at org.junit.runners.ParentRunner$3.evaluate(ParentRunner.java:306)
		at org.junit.runners.BlockJUnit4ClassRunner$1.evaluate(BlockJUnit4ClassRunner.java:100)
		at org.junit.runners.ParentRunner.runLeaf(ParentRunner.java:366)
		at org.junit.runners.BlockJUnit4ClassRunner.runChild(BlockJUnit4ClassRunner.java:103)
		at org.junit.runners.BlockJUnit4ClassRunner.runChild(BlockJUnit4ClassRunner.java:63)
		at org.junit.runners.ParentRunner$4.run(ParentRunner.java:331)
		at org.junit.runners.ParentRunner$1.schedule(ParentRunner.java:79)
		at org.junit.runners.ParentRunner.runChildren(ParentRunner.java:329)
		at org.junit.runners.ParentRunner.access$100(ParentRunner.java:66)
		at org.junit.runners.ParentRunner$2.evaluate(ParentRunner.java:293)
		at org.junit.runners.ParentRunner$3.evaluate(ParentRunner.java:306)
		at org.junit.runners.ParentRunner.run(ParentRunner.java:413)
		at org.junit.runners.Suite.runChild(Suite.java:128)
		at org.junit.runners.Suite.runChild(Suite.java:27)
		at org.junit.runners.ParentRunner$4.run(ParentRunner.java:331)
		at org.junit.runners.ParentRunner$1.schedule(ParentRunner.java:79)
		at org.junit.runners.ParentRunner.runChildren(ParentRunner.java:329)
		at org.junit.runners.ParentRunner.access$100(ParentRunner.java:66)
		at org.junit.runners.ParentRunner$2.evaluate(ParentRunner.java:293)
		at org.junit.runners.ParentRunner$3.evaluate(ParentRunner.java:306)
		at org.junit.runners.ParentRunner.run(ParentRunner.java:413)
		at org.junit.runner.JUnitCore.run(JUnitCore.java:137)
		at org.junit.runner.JUnitCore.run(JUnitCore.java:115)
		at androidx.test.internal.runner.TestExecutor.execute(TestExecutor.java:68)
		at androidx.test.internal.runner.TestExecutor.execute(TestExecutor.java:59)
		at androidx.test.runner.AndroidJUnitRunner.onStart(AndroidJUnitRunner.java:467)
		at android.app.Instrumentation$InstrumentationThread.run(Instrumentation.java:2594)

FAILURES!!!
Tests run: 6,  Failures: 1


