
com.indianservers.aiexplorer.ArCadPhaseThreeUiTest:.
Error in realArSpaceGuidedParaboloidAnalysisAndPresentation(com.indianservers.aiexplorer.ArCadPhaseThreeUiTest):
java.lang.IllegalStateException: No compose hierarchies found in the app. Possible reasons include: (1) the Activity that calls setContent did not launch; (2) setContent was not called; (3) setContent was called before the ComposeTestRule ran. If setContent is called by the Activity, make sure the Activity is launched after the ComposeTestRule runs
	at androidx.compose.ui.test.TestOwnerKt.getAllSemanticsNodes(TestOwner.kt:106)
	at androidx.compose.ui.test.SemanticsNodeInteraction.fetchSemanticsNodes$ui_test(SemanticsNodeInteraction.kt:64)
	at androidx.compose.ui.test.SemanticsNodeInteraction.fetchOneOrThrow(SemanticsNodeInteraction.kt:157)
	at androidx.compose.ui.test.SemanticsNodeInteraction.fetchOneOrThrow$default(SemanticsNodeInteraction.kt:150)
	at androidx.compose.ui.test.SemanticsNodeInteraction.fetchSemanticsNode(SemanticsNodeInteraction.kt:84)
	at androidx.compose.ui.test.ActionsKt.performTouchInput(Actions.kt:401)
	at androidx.compose.ui.test.AndroidActions.performClickImpl(Actions.android.kt:23)
	at androidx.compose.ui.test.ActionsKt.performClick(Actions.kt:59)
	at com.indianservers.aiexplorer.ArCadPhaseThreeUiTest.realArSpaceGuidedParaboloidAnalysisAndPresentation(ArCadPhaseThreeUiTest.kt:76)

com.indianservers.aiexplorer.ArCadPhaseTwoUiTest:...
com.indianservers.aiexplorer.ArGraphPhaseOneUiTest:.
com.indianservers.aiexplorer.ArSpaceMenuUiTest:.
com.indianservers.aiexplorer.ArHandInferenceDeviceTest:..

Time: 113.464
There was 1 failure:
1) realArSpaceGuidedParaboloidAnalysisAndPresentation(com.indianservers.aiexplorer.ArCadPhaseThreeUiTest)
java.lang.IllegalStateException: No compose hierarchies found in the app. Possible reasons include: (1) the Activity that calls setContent did not launch; (2) setContent was not called; (3) setContent was called before the ComposeTestRule ran. If setContent is called by the Activity, make sure the Activity is launched after the ComposeTestRule runs
	at androidx.compose.ui.test.TestOwnerKt.getAllSemanticsNodes(TestOwner.kt:106)
	at androidx.compose.ui.test.SemanticsNodeInteraction.fetchSemanticsNodes$ui_test(SemanticsNodeInteraction.kt:64)
	at androidx.compose.ui.test.SemanticsNodeInteraction.fetchOneOrThrow(SemanticsNodeInteraction.kt:157)
	at androidx.compose.ui.test.SemanticsNodeInteraction.fetchOneOrThrow$default(SemanticsNodeInteraction.kt:150)
	at androidx.compose.ui.test.SemanticsNodeInteraction.fetchSemanticsNode(SemanticsNodeInteraction.kt:84)
	at androidx.compose.ui.test.ActionsKt.performTouchInput(Actions.kt:401)
	at androidx.compose.ui.test.AndroidActions.performClickImpl(Actions.android.kt:23)
	at androidx.compose.ui.test.ActionsKt.performClick(Actions.kt:59)
	at com.indianservers.aiexplorer.ArCadPhaseThreeUiTest.realArSpaceGuidedParaboloidAnalysisAndPresentation(ArCadPhaseThreeUiTest.kt:76)

FAILURES!!!
Tests run: 9,  Failures: 1


