> Task :app:preBuild UP-TO-DATE
> Task :app:preDebugBuild UP-TO-DATE
> Task :app:generateDebugResources UP-TO-DATE
> Task :app:processDebugGoogleServices UP-TO-DATE
> Task :app:packageDebugResources UP-TO-DATE
> Task :ar3dgraph:preBuild UP-TO-DATE
> Task :ar3dgraph:preDebugBuild UP-TO-DATE
> Task :ar3dgraph:processDebugNavigationResources UP-TO-DATE
> Task :arengine:preBuild UP-TO-DATE
> Task :arengine:preDebugBuild UP-TO-DATE
> Task :arengine:processDebugNavigationResources UP-TO-DATE
> Task :app:processDebugNavigationResources UP-TO-DATE
> Task :app:parseDebugLocalResources UP-TO-DATE
> Task :app:generateDebugRFile UP-TO-DATE
> Task :ar3dgraph:generateDebugResources UP-TO-DATE
> Task :ar3dgraph:packageDebugResources UP-TO-DATE
> Task :ar3dgraph:parseDebugLocalResources UP-TO-DATE
> Task :ar3dgraph:generateDebugRFile UP-TO-DATE
> Task :arengine:generateDebugResources UP-TO-DATE
> Task :arengine:packageDebugResources UP-TO-DATE
> Task :arengine:parseDebugLocalResources UP-TO-DATE
> Task :arengine:generateDebugRFile UP-TO-DATE
> Task :arengine:compileDebugKotlin UP-TO-DATE
> Task :arengine:javaPreCompileDebug UP-TO-DATE
> Task :arengine:compileDebugJavaWithJavac NO-SOURCE
> Task :arengine:bundleLibCompileToJarDebug UP-TO-DATE
> Task :ar3dgraph:compileDebugKotlin UP-TO-DATE
> Task :ar3dgraph:javaPreCompileDebug UP-TO-DATE
> Task :ar3dgraph:compileDebugJavaWithJavac NO-SOURCE
> Task :ar3dgraph:bundleLibCompileToJarDebug UP-TO-DATE
> Task :app:compileDebugKotlin
w: file:///C:/Indian%20Servers/AIExplorer/app/src/main/java/com/indianservers/aiexplorer/ArCadPreviewCanvas.kt:54:35 Condition is always 'true'.
w: file:///C:/Indian%20Servers/AIExplorer/app/src/main/java/com/indianservers/aiexplorer/Graph2DWorkspaceUi.kt:970:64 'fun announceForAccessibility(p0: CharSequence!): Unit' is deprecated. Deprecated in Java.
w: file:///C:/Indian%20Servers/AIExplorer/app/src/main/java/com/indianservers/aiexplorer/GraphTrigRendering.kt:751:57 Condition is always 'true'.
w: file:///C:/Indian%20Servers/AIExplorer/app/src/main/java/com/indianservers/aiexplorer/GraphTrigRendering.kt:756:64 Unnecessary safe call on a non-null receiver of type 'FunctionDefinition'.
w: file:///C:/Indian%20Servers/AIExplorer/app/src/main/java/com/indianservers/aiexplorer/KnowledgeHubUi.kt:1075:25 'fun quadraticBezierTo(x1: Float, y1: Float, x2: Float, y2: Float): Unit' is deprecated. Use quadraticTo() for consistency with cubicTo().
w: file:///C:/Indian%20Servers/AIExplorer/app/src/main/java/com/indianservers/aiexplorer/MainActivity.kt:8525:41 Unnecessary non-null assertion (!!) on a non-null receiver of type 'Shape2D'.
w: file:///C:/Indian%20Servers/AIExplorer/app/src/main/java/com/indianservers/aiexplorer/MainActivity.kt:9877:34 Unnecessary safe call on a non-null receiver of type 'Solid'.
w: file:///C:/Indian%20Servers/AIExplorer/app/src/main/java/com/indianservers/aiexplorer/MainActivity.kt:10918:75 Condition is always 'true'.
w: file:///C:/Indian%20Servers/AIExplorer/app/src/main/java/com/indianservers/aiexplorer/MainActivity.kt:11280:60 Condition is always 'true'.
w: file:///C:/Indian%20Servers/AIExplorer/app/src/main/java/com/indianservers/aiexplorer/MainActivity.kt:11281:107 Unnecessary safe call on a non-null receiver of type 'ArAnchorHandle'.
w: file:///C:/Indian%20Servers/AIExplorer/app/src/main/java/com/indianservers/aiexplorer/MainActivity.kt:11285:76 Unnecessary safe call on a non-null receiver of type 'ArAnchorHandle'.
w: file:///C:/Indian%20Servers/AIExplorer/app/src/main/java/com/indianservers/aiexplorer/MainActivity.kt:11290:140 Unnecessary non-null assertion (!!) on a non-null receiver of type 'ArCadSnap'.
w: file:///C:/Indian%20Servers/AIExplorer/app/src/main/java/com/indianservers/aiexplorer/MainActivity.kt:11290:197 Unnecessary non-null assertion (!!) on a non-null receiver of type 'ArCadSnap'.
w: file:///C:/Indian%20Servers/AIExplorer/app/src/main/java/com/indianservers/aiexplorer/MainActivity.kt:14208:49 Condition is always 'true'.
w: file:///C:/Indian%20Servers/AIExplorer/app/src/main/java/com/indianservers/aiexplorer/MainActivity.kt:14213:60 Condition is always 'true'.
w: file:///C:/Indian%20Servers/AIExplorer/app/src/main/java/com/indianservers/aiexplorer/MainActivity.kt:14261:39 Unnecessary non-null assertion (!!) on a non-null receiver of type 'PointerInputChange'.
w: file:///C:/Indian%20Servers/AIExplorer/app/src/main/java/com/indianservers/aiexplorer/MainActivity.kt:14304:82 Condition is always 'true'.
w: file:///C:/Indian%20Servers/AIExplorer/app/src/main/java/com/indianservers/aiexplorer/MainActivity.kt:15333:25 'fun quadraticBezierTo(x1: Float, y1: Float, x2: Float, y2: Float): Unit' is deprecated. Use quadraticTo() for consistency with cubicTo().
w: file:///C:/Indian%20Servers/AIExplorer/app/src/main/java/com/indianservers/aiexplorer/MainActivity.kt:15335:25 'fun quadraticBezierTo(x1: Float, y1: Float, x2: Float, y2: Float): Unit' is deprecated. Use quadraticTo() for consistency with cubicTo().
w: file:///C:/Indian%20Servers/AIExplorer/app/src/main/java/com/indianservers/aiexplorer/MainActivity.kt:15336:25 'fun quadraticBezierTo(x1: Float, y1: Float, x2: Float, y2: Float): Unit' is deprecated. Use quadraticTo() for consistency with cubicTo().
w: file:///C:/Indian%20Servers/AIExplorer/app/src/main/java/com/indianservers/aiexplorer/MainActivity.kt:15338:25 'fun quadraticBezierTo(x1: Float, y1: Float, x2: Float, y2: Float): Unit' is deprecated. Use quadraticTo() for consistency with cubicTo().
w: file:///C:/Indian%20Servers/AIExplorer/app/src/main/java/com/indianservers/aiexplorer/MainActivity.kt:15380:25 'fun quadraticBezierTo(x1: Float, y1: Float, x2: Float, y2: Float): Unit' is deprecated. Use quadraticTo() for consistency with cubicTo().
w: file:///C:/Indian%20Servers/AIExplorer/app/src/main/java/com/indianservers/aiexplorer/MainActivity.kt:15381:25 'fun quadraticBezierTo(x1: Float, y1: Float, x2: Float, y2: Float): Unit' is deprecated. Use quadraticTo() for consistency with cubicTo().
w: file:///C:/Indian%20Servers/AIExplorer/app/src/main/java/com/indianservers/aiexplorer/MainActivity.kt:15383:25 'fun quadraticBezierTo(x1: Float, y1: Float, x2: Float, y2: Float): Unit' is deprecated. Use quadraticTo() for consistency with cubicTo().
w: file:///C:/Indian%20Servers/AIExplorer/app/src/main/java/com/indianservers/aiexplorer/MainActivity.kt:15384:25 'fun quadraticBezierTo(x1: Float, y1: Float, x2: Float, y2: Float): Unit' is deprecated. Use quadraticTo() for consistency with cubicTo().
w: file:///C:/Indian%20Servers/AIExplorer/app/src/main/java/com/indianservers/aiexplorer/SolverHomeLaunch.kt:131:13 'fun quadraticBezierTo(x1: Float, y1: Float, x2: Float, y2: Float): Unit' is deprecated. Use quadraticTo() for consistency with cubicTo().
w: file:///C:/Indian%20Servers/AIExplorer/app/src/main/java/com/indianservers/aiexplorer/SolverHomeLaunch.kt:132:13 'fun quadraticBezierTo(x1: Float, y1: Float, x2: Float, y2: Float): Unit' is deprecated. Use quadraticTo() for consistency with cubicTo().
w: file:///C:/Indian%20Servers/AIExplorer/app/src/main/java/com/indianservers/aiexplorer/TrigRealWorldUi.kt:233:46 Redundant call of conversion method.
w: file:///C:/Indian%20Servers/AIExplorer/app/src/main/java/com/indianservers/aiexplorer/TrigRealWorldUi.kt:233:88 Redundant call of conversion method.
w: file:///C:/Indian%20Servers/AIExplorer/app/src/main/java/com/indianservers/aiexplorer/TrigonometryMockupScreen.kt:737:58 Redundant call of conversion method.
w: file:///C:/Indian%20Servers/AIExplorer/app/src/main/java/com/indianservers/aiexplorer/TrigonometryMockupScreen.kt:737:99 Redundant call of conversion method.
w: file:///C:/Indian%20Servers/AIExplorer/app/src/main/java/com/indianservers/aiexplorer/TrigonometryMockupScreen.kt:755:66 Redundant call of conversion method.
w: file:///C:/Indian%20Servers/AIExplorer/app/src/main/java/com/indianservers/aiexplorer/VisualProofMockupLessonScreen.kt:504:100 Redundant call of conversion method.
w: file:///C:/Indian%20Servers/AIExplorer/app/src/main/java/com/indianservers/aiexplorer/VisualProofMockupLessonScreen.kt:650:69 'fun quadraticBezierTo(x1: Float, y1: Float, x2: Float, y2: Float): Unit' is deprecated. Use quadraticTo() for consistency with cubicTo().
w: file:///C:/Indian%20Servers/AIExplorer/app/src/main/java/com/indianservers/aiexplorer/VisualProofMockupLessonScreen.kt:1768:325 Redundant call of conversion method.
w: file:///C:/Indian%20Servers/AIExplorer/app/src/main/java/com/indianservers/aiexplorer/VisualProofMockupLessonScreen.kt:1893:404 Redundant call of conversion method.
w: file:///C:/Indian%20Servers/AIExplorer/app/src/main/java/com/indianservers/aiexplorer/VisualProofMockupLessonScreen.kt:2638:241 'fun quadraticBezierTo(x1: Float, y1: Float, x2: Float, y2: Float): Unit' is deprecated. Use quadraticTo() for consistency with cubicTo().
w: file:///C:/Indian%20Servers/AIExplorer/app/src/main/java/com/indianservers/aiexplorer/VisualProofMockupLessonScreen.kt:2831:74 Redundant call of conversion method.
w: file:///C:/Indian%20Servers/AIExplorer/app/src/main/java/com/indianservers/aiexplorer/core/AdvancedSymbolicCas.kt:109:56 Unnecessary non-null assertion (!!) on a non-null receiver of type 'AdvancedSymbolicCas.Bound'.
w: file:///C:/Indian%20Servers/AIExplorer/app/src/main/java/com/indianservers/aiexplorer/core/AdvancedSymbolicCas.kt:109:72 Unnecessary non-null assertion (!!) on a non-null receiver of type 'AdvancedSymbolicCas.Bound'.
w: file:///C:/Indian%20Servers/AIExplorer/app/src/main/java/com/indianservers/aiexplorer/core/AdvancedSymbolicCas.kt:109:90 Unnecessary non-null assertion (!!) on a non-null receiver of type 'AdvancedSymbolicCas.Bound'.
w: file:///C:/Indian%20Servers/AIExplorer/app/src/main/java/com/indianservers/aiexplorer/core/AdvancedSymbolicCas.kt:109:107 Unnecessary non-null assertion (!!) on a non-null receiver of type 'AdvancedSymbolicCas.Bound'.
w: file:///C:/Indian%20Servers/AIExplorer/app/src/main/java/com/indianservers/aiexplorer/core/AdvancedSymbolicCas.kt:109:124 Unnecessary non-null assertion (!!) on a non-null receiver of type 'AdvancedSymbolicCas.Bound'.
w: file:///C:/Indian%20Servers/AIExplorer/app/src/main/java/com/indianservers/aiexplorer/core/AdvancedSymbolicCas.kt:109:145 Unnecessary non-null assertion (!!) on a non-null receiver of type 'AdvancedSymbolicCas.Bound'.
w: file:///C:/Indian%20Servers/AIExplorer/app/src/main/java/com/indianservers/aiexplorer/core/AdvancedSymbolicCas.kt:114:69 Unnecessary non-null assertion (!!) on a non-null receiver of type 'AdvancedSymbolicCas.Bound'.
w: file:///C:/Indian%20Servers/AIExplorer/app/src/main/java/com/indianservers/aiexplorer/core/AdvancedSymbolicCas.kt:114:105 Unnecessary non-null assertion (!!) on a non-null receiver of type 'AdvancedSymbolicCas.Bound'.
w: file:///C:/Indian%20Servers/AIExplorer/app/src/main/java/com/indianservers/aiexplorer/core/AdvancedSymbolicCas.kt:115:88 Unnecessary non-null assertion (!!) on a non-null receiver of type 'AdvancedSymbolicCas.Bound'.
w: file:///C:/Indian%20Servers/AIExplorer/app/src/main/java/com/indianservers/aiexplorer/core/AdvancedSymbolicCas.kt:116:29 Unnecessary non-null assertion (!!) on a non-null receiver of type 'AdvancedSymbolicCas.Bound'.
w: file:///C:/Indian%20Servers/AIExplorer/app/src/main/java/com/indianservers/aiexplorer/core/AdvancedSymbolicCas.kt:116:50 Unnecessary non-null assertion (!!) on a non-null receiver of type 'AdvancedSymbolicCas.Bound'.
w: file:///C:/Indian%20Servers/AIExplorer/app/src/main/java/com/indianservers/aiexplorer/core/AdvancedSymbolicCas.kt:116:136 Unnecessary non-null assertion (!!) on a non-null receiver of type 'AdvancedSymbolicCas.Bound'.
w: file:///C:/Indian%20Servers/AIExplorer/app/src/main/java/com/indianservers/aiexplorer/core/AdvancedSymbolicCas.kt:262:46 No cast needed.
w: file:///C:/Indian%20Servers/AIExplorer/app/src/main/java/com/indianservers/aiexplorer/core/NextGenerationGraphInteractions.kt:86:439 Unnecessary safe call on a non-null receiver of type 'Double'.
w: file:///C:/Indian%20Servers/AIExplorer/app/src/main/java/com/indianservers/aiexplorer/core/NextGenerationGraphInteractions.kt:86:460 Unnecessary safe call on a non-null receiver of type 'Double'.
w: file:///C:/Indian%20Servers/AIExplorer/app/src/main/java/com/indianservers/aiexplorer/input/AdaptiveMathKeyboard.kt:751:21 'val LocalClipboardManager: ProvidableCompositionLocal<ClipboardManager>' is deprecated. Use LocalClipboard instead which supports suspend functions.
w: file:///C:/Indian%20Servers/AIExplorer/app/src/main/java/com/indianservers/aiexplorer/input/StructuredMathEditor.kt:241:19 Unnecessary safe call on a non-null receiver of type 'StructuredMathEditing.Region'.
w: file:///C:/Indian%20Servers/AIExplorer/app/src/main/java/com/indianservers/aiexplorer/input/StructuredMathEditor.kt:256:26 Unnecessary safe call on a non-null receiver of type 'StructuredMathEditing.Region'.
w: file:///C:/Indian%20Servers/AIExplorer/app/src/main/java/com/indianservers/aiexplorer/input/StructuredMathEditor.kt:265:26 Unnecessary safe call on a non-null receiver of type 'StructuredMathEditing.Region'.
w: file:///C:/Indian%20Servers/AIExplorer/app/src/main/java/com/indianservers/aiexplorer/input/StructuredMathEditor.kt:274:19 Unnecessary safe call on a non-null receiver of type 'StructuredMathEditing.Region'.
w: file:///C:/Indian%20Servers/AIExplorer/app/src/main/java/com/indianservers/aiexplorer/input/StructuredMathEditor.kt:291:19 Unnecessary safe call on a non-null receiver of type 'StructuredMathEditing.Region'.
w: file:///C:/Indian%20Servers/AIExplorer/app/src/main/java/com/indianservers/aiexplorer/input/StructuredMathEditor.kt:343:19 Unnecessary safe call on a non-null receiver of type 'StructuredMathEditing.Region'.
w: file:///C:/Indian%20Servers/AIExplorer/app/src/main/java/com/indianservers/aiexplorer/learningworkspace/ui/Phase2LearningWorkspace.kt:64:9 'fun ScrollableTabRow(selectedTabIndex: Int, modifier: Modifier = ..., containerColor: Color = ..., contentColor: Color = ..., edgePadding: Dp = ..., indicator: ComposableFunction1<List<TabPosition>, Unit> = ..., divider: ComposableFunction0<Unit> = ..., tabs: ComposableFunction0<Unit>): Unit' is deprecated. Replaced with PrimaryScrollableTabRow and SecondaryScrollableTabRow tab variants.
w: file:///C:/Indian%20Servers/AIExplorer/app/src/main/java/com/indianservers/aiexplorer/mathworkspace/spreadsheet/DataSpreadsheetWorkspace.kt:43:20 'val LocalClipboardManager: ProvidableCompositionLocal<ClipboardManager>' is deprecated. Use LocalClipboard instead which supports suspend functions.
w: file:///C:/Indian%20Servers/AIExplorer/app/src/main/java/com/indianservers/aiexplorer/phase2/mathstudio/UnifiedMathStudioScreen.kt:440:21 'val LocalClipboardManager: ProvidableCompositionLocal<ClipboardManager>' is deprecated. Use LocalClipboard instead which supports suspend functions.
w: file:///C:/Indian%20Servers/AIExplorer/app/src/main/java/com/indianservers/aiexplorer/phase3/ui/Phase3PlatformWorkspace.kt:24:662 'fun ScrollableTabRow(selectedTabIndex: Int, modifier: Modifier = ..., containerColor: Color = ..., contentColor: Color = ..., edgePadding: Dp = ..., indicator: ComposableFunction1<List<TabPosition>, Unit> = ..., divider: ComposableFunction0<Unit> = ..., tabs: ComposableFunction0<Unit>): Unit' is deprecated. Replaced with PrimaryScrollableTabRow and SecondaryScrollableTabRow tab variants.
w: file:///C:/Indian%20Servers/AIExplorer/app/src/main/java/com/indianservers/aiexplorer/solver/domain/practice/SolverPracticeGenerator.kt:25:69 Elvis operator (?:) always returns the left operand of non-nullable type 'String'.
w: file:///C:/Indian%20Servers/AIExplorer/app/src/main/java/com/indianservers/aiexplorer/spatial/SpatialRenderer.kt:294:40 Unnecessary non-null assertion (!!) on a non-null receiver of type 'ArDepthSnapshot'.
w: file:///C:/Indian%20Servers/AIExplorer/app/src/main/java/com/indianservers/aiexplorer/spatial/SpatialRenderer.kt:301:27 Unnecessary non-null assertion (!!) on a non-null receiver of type 'ArDepthSnapshot'.
w: file:///C:/Indian%20Servers/AIExplorer/app/src/main/java/com/indianservers/aiexplorer/workspace/ProjectInteroperability.kt:134:17 Condition is always 'false'.

[Incubating] Problems report is available at: file:///C:/Indian%20Servers/AIExplorer/build/reports/problems/problems-report.html

Deprecated Gradle features were used in this build, making it incompatible with Gradle 10.

You can use '--warning-mode all' to show the individual deprecation warnings and determine if they come from your own scripts or plugins.

For more on this, please refer to https://docs.gradle.org/9.6.1/userguide/command_line_interface.html#sec:command_line_warnings in the Gradle documentation.

BUILD SUCCESSFUL in 4m 5s
23 actionable tasks: 1 executed, 22 up-to-date
Consider enabling configuration cache to speed up this build: https://docs.gradle.org/9.6.1/userguide/configuration_cache_enabling.html
