
com.indianservers.aiexplorer.gamifymaths.MobileGamesLayoutTest:
Error in everyGameAndSpecializedLevelFitsPhoneWithoutScroll(com.indianservers.aiexplorer.gamifymaths.MobileGamesLayoutTest):
java.lang.AssertionError: Failed waiting for PixelCopy!
	at androidx.compose.ui.test.android.WindowCapture_androidKt.generateBitmapFromPixelCopy(WindowCapture.android.kt:157)
	at androidx.compose.ui.test.android.WindowCapture_androidKt.generateBitmap(WindowCapture.android.kt:135)
	at androidx.compose.ui.test.android.WindowCapture_androidKt.captureRegionToImage$lambda$0$0(WindowCapture.android.kt:51)
	at androidx.compose.ui.test.android.WindowCapture_androidKt.$r8$lambda$iHid2j_FY4377TREZHs4ymdKCqs(WindowCapture.android.kt:0)
	at androidx.compose.ui.test.android.WindowCapture_androidKt$$ExternalSyntheticLambda0.invoke(D8$$SyntheticClass:0)
	at androidx.compose.ui.test.android.WindowCapture_androidKt.withDrawingEnabled(WindowCapture.android.kt:89)
	at androidx.compose.ui.test.android.WindowCapture_androidKt.captureRegionToImage$lambda$0(WindowCapture.android.kt:47)
	at androidx.compose.ui.test.android.WindowCapture_androidKt$$ExternalSyntheticLambda4.invoke(D8$$SyntheticClass:0)
	at androidx.compose.ui.test.android.WindowCapture_androidKt.runWithRetryWhenNoData(WindowCapture.android.kt:64)
	at androidx.compose.ui.test.android.WindowCapture_androidKt.captureRegionToImage(WindowCapture.android.kt:45)
	at androidx.compose.ui.test.AndroidImageHelpers_androidKt.captureToImage(AndroidImageHelpers.android.kt:101)
	at com.indianservers.aiexplorer.gamifymaths.MobileGamesLayoutTest.everyGameAndSpecializedLevelFitsPhoneWithoutScroll(MobileGamesLayoutTest.kt:75)

Error in probabilityMenuHasTwoSquareCards(com.indianservers.aiexplorer.gamifymaths.MobileGamesLayoutTest):
androidx.compose.ui.test.ComposeTimeoutException: Condition still not satisfied after 2000 ms
	at androidx.compose.ui.test.android.WindowCapture_androidKt.waitUntil(WindowCapture.android.kt:178)
	at androidx.compose.ui.test.android.WindowCapture_androidKt.forceRedraw(WindowCapture.android.kt:124)
	at androidx.compose.ui.test.android.WindowCapture_androidKt.captureRegionToImage$lambda$0$0(WindowCapture.android.kt:49)
	at androidx.compose.ui.test.android.WindowCapture_androidKt.$r8$lambda$iHid2j_FY4377TREZHs4ymdKCqs(WindowCapture.android.kt:0)
	at androidx.compose.ui.test.android.WindowCapture_androidKt$$ExternalSyntheticLambda0.invoke(D8$$SyntheticClass:0)
	at androidx.compose.ui.test.android.WindowCapture_androidKt.withDrawingEnabled(WindowCapture.android.kt:89)
	at androidx.compose.ui.test.android.WindowCapture_androidKt.captureRegionToImage$lambda$0(WindowCapture.android.kt:47)
	at androidx.compose.ui.test.android.WindowCapture_androidKt$$ExternalSyntheticLambda4.invoke(D8$$SyntheticClass:0)
	at androidx.compose.ui.test.android.WindowCapture_androidKt.runWithRetryWhenNoData(WindowCapture.android.kt:64)
	at androidx.compose.ui.test.android.WindowCapture_androidKt.captureRegionToImage(WindowCapture.android.kt:45)
	at androidx.compose.ui.test.AndroidImageHelpers_androidKt.captureToImage(AndroidImageHelpers.android.kt:101)
	at com.indianservers.aiexplorer.gamifymaths.MobileGamesLayoutTest.probabilityMenuHasTwoSquareCards(MobileGamesLayoutTest.kt:125)
..
