> Task :app:preBuild UP-TO-DATE
> Task :app:preDebugBuild UP-TO-DATE
> Task :app:generateDebugResources UP-TO-DATE
> Task :app:processDebugGoogleServices UP-TO-DATE
> Task :app:packageDebugResources UP-TO-DATE
> Task :ar3dgraph:preBuild UP-TO-DATE
> Task :ar3dgraph:preDebugBuild UP-TO-DATE
> Task :ar3dgraph:processDebugNavigationResources UP-TO-DATE
> Task :arengine:preBuild UP-TO-DATE
> Task :arengine:preDebugBuild UP-TO-DATE
> Task :arengine:processDebugNavigationResources UP-TO-DATE
> Task :app:processDebugNavigationResources UP-TO-DATE
> Task :app:parseDebugLocalResources UP-TO-DATE
> Task :app:generateDebugRFile UP-TO-DATE
> Task :ar3dgraph:generateDebugResources UP-TO-DATE
> Task :ar3dgraph:packageDebugResources UP-TO-DATE
> Task :ar3dgraph:parseDebugLocalResources UP-TO-DATE
> Task :ar3dgraph:generateDebugRFile UP-TO-DATE
> Task :arengine:generateDebugResources UP-TO-DATE
> Task :arengine:packageDebugResources UP-TO-DATE
> Task :arengine:parseDebugLocalResources UP-TO-DATE
> Task :arengine:generateDebugRFile UP-TO-DATE
> Task :arengine:compileDebugKotlin UP-TO-DATE
> Task :arengine:javaPreCompileDebug UP-TO-DATE
> Task :arengine:compileDebugJavaWithJavac NO-SOURCE
> Task :arengine:bundleLibCompileToJarDebug UP-TO-DATE
> Task :ar3dgraph:compileDebugKotlin UP-TO-DATE
> Task :ar3dgraph:javaPreCompileDebug UP-TO-DATE
> Task :ar3dgraph:compileDebugJavaWithJavac NO-SOURCE
> Task :ar3dgraph:bundleLibCompileToJarDebug UP-TO-DATE

> Task :app:compileDebugKotlin
w: file:///C:/Indian%20Servers/AIExplorer/app/src/main/java/com/indianservers/aiexplorer/input/AdaptiveMathKeyboard.kt:802:21 'val LocalClipboardManager: ProvidableCompositionLocal<ClipboardManager>' is deprecated. Use LocalClipboard instead which supports suspend functions.
w: file:///C:/Indian%20Servers/AIExplorer/app/src/main/java/com/indianservers/aiexplorer/input/StructuredMathEditor.kt:265:19 Unnecessary safe call on a non-null receiver of type 'StructuredMathEditing.Region'.
w: file:///C:/Indian%20Servers/AIExplorer/app/src/main/java/com/indianservers/aiexplorer/input/StructuredMathEditor.kt:280:26 Unnecessary safe call on a non-null receiver of type 'StructuredMathEditing.Region'.
w: file:///C:/Indian%20Servers/AIExplorer/app/src/main/java/com/indianservers/aiexplorer/input/StructuredMathEditor.kt:289:26 Unnecessary safe call on a non-null receiver of type 'StructuredMathEditing.Region'.
w: file:///C:/Indian%20Servers/AIExplorer/app/src/main/java/com/indianservers/aiexplorer/input/StructuredMathEditor.kt:298:19 Unnecessary safe call on a non-null receiver of type 'StructuredMathEditing.Region'.
w: file:///C:/Indian%20Servers/AIExplorer/app/src/main/java/com/indianservers/aiexplorer/input/StructuredMathEditor.kt:315:19 Unnecessary safe call on a non-null receiver of type 'StructuredMathEditing.Region'.
w: file:///C:/Indian%20Servers/AIExplorer/app/src/main/java/com/indianservers/aiexplorer/input/StructuredMathEditor.kt:367:19 Unnecessary safe call on a non-null receiver of type 'StructuredMathEditing.Region'.
w: file:///C:/Indian%20Servers/AIExplorer/app/src/main/java/com/indianservers/aiexplorer/input/StructuredMathEditor.kt:495:36 Condition is always 'false'.
w: file:///C:/Indian%20Servers/AIExplorer/app/src/main/java/com/indianservers/aiexplorer/input/StructuredMathEditor.kt:499:37 Condition is always 'false'.

[Incubating] Problems report is available at: file:///C:/Indian%20Servers/AIExplorer/build/reports/problems/problems-report.html

Deprecated Gradle features were used in this build, making it incompatible with Gradle 10.

You can use '--warning-mode all' to show the individual deprecation warnings and determine if they come from your own scripts or plugins.

For more on this, please refer to https://docs.gradle.org/9.6.1/userguide/command_line_interface.html#sec:command_line_warnings in the Gradle documentation.

BUILD SUCCESSFUL in 9s
23 actionable tasks: 1 executed, 22 up-to-date
Consider enabling configuration cache to speed up this build: https://docs.gradle.org/9.6.1/userguide/configuration_cache_enabling.html
