INFO         | Android emulator version 37.1.11.0 (build_id 15917651) (CL:N/A)
INFO         | Graphics backend: gfxstream
INFO         | Found systemPath C:\Users\saisa\AppData\Local\Android\Sdk\system-images\android-37.1\google_apis_playstore_ps16k\x86_64\
INFO         | Guest usage of host flag 'VulkanVirtualQueue' will be ignored.
INFO         | Increasing RAM size to 4096MB
INFO         | IPv4 server found: 192.168.100.1
INFO         | Ignore IPv6 address: 880c:1818:b901:0:2006:1818:b901:0
INFO         | Ignore IPv6 address: 880c:1818:b901:0:2006:1818:b901:0
INFO         | Ignore IPv6 address: 880c:1818:b901:0:2006:1818:b901:0
INFO         | Ignore IPv6 address: 7814:1818:b901:0:2006:1818:b901:0
INFO         | Ignore IPv6 address: 7814:1818:b901:0:2006:1818:b901:0
INFO         | Ignore IPv6 address: 7814:1818:b901:0:2006:1818:b901:0
INFO         | Ignore IPv6 address: 901a:1818:b901:0:2006:1818:b901:0
INFO         | Ignore IPv6 address: 901a:1818:b901:0:2006:1818:b901:0
INFO         | Ignore IPv6 address: 901a:1818:b901:0:2006:1818:b901:0
INFO         | Ignore IPv6 address: 28:1818:b901:0:2006:1818:b901:0
INFO         | Ignore IPv6 address: 28:1818:b901:0:2006:1818:b901:0
INFO         | Ignore IPv6 address: 28:1818:b901:0:2006:1818:b901:0
INFO         | Guest GLES Driver: Auto (ext controls)
INFO         | emuglConfig_init: vulkan_mode_selected:swiftshader gles_mode_selected:swiftshader
INFO         | Checking system compatibility:
INFO         |   Checking: hasCompatibleHypervisor
INFO         |      Ok: Hypervisor compatibility to run avd: `Medium_Phone` are met
INFO         |   Checking: hasSufficientSystem
INFO         |      Ok: System requirements to run avd: `Medium_Phone` are met
INFO         |   Checking: hasSufficientHwGpu
INFO         |      Ok: Hardware GPU compatibility checks are not required
INFO         |   Checking: hasSufficientDiskSpace
INFO         |      Ok: Disk space requirements to run avd: `Medium_Phone` are met
FATAL        | A snapshot operation for 'Medium_Phone' is pending and timeout has expired. Exiting...
