INFO         | Android emulator version 37.1.11.0 (build_id 15917651) (CL:N/A)
INFO         | Graphics backend: gfxstream
INFO         | Found systemPath C:\Users\saisa\AppData\Local\Android\Sdk\system-images\android-37.1\google_apis_playstore_ps16k\x86_64\
INFO         | Guest usage of host flag 'VulkanVirtualQueue' will be ignored.
INFO         | Increasing RAM size to 4096MB
INFO         | IPv4 server found: 192.168.100.1
INFO         | Ignore IPv6 address: d8c6:3bd6:1302:0:70c0:3bd6:1302:0
INFO         | Ignore IPv6 address: d8c6:3bd6:1302:0:70c0:3bd6:1302:0
INFO         | Ignore IPv6 address: d8c6:3bd6:1302:0:70c0:3bd6:1302:0
INFO         | Ignore IPv6 address: c8ce:3bd6:1302:0:70c0:3bd6:1302:0
INFO         | Ignore IPv6 address: c8ce:3bd6:1302:0:70c0:3bd6:1302:0
INFO         | Ignore IPv6 address: c8ce:3bd6:1302:0:70c0:3bd6:1302:0
INFO         | Ignore IPv6 address: e0d4:3bd6:1302:0:70c0:3bd6:1302:0
INFO         | Ignore IPv6 address: e0d4:3bd6:1302:0:70c0:3bd6:1302:0
INFO         | Ignore IPv6 address: e0d4:3bd6:1302:0:70c0:3bd6:1302:0
INFO         | Ignore IPv6 address: 50e2:3bd6:1302:0:70c0:3bd6:1302:0
INFO         | Ignore IPv6 address: 50e2:3bd6:1302:0:70c0:3bd6:1302:0
INFO         | Ignore IPv6 address: 50e2:3bd6:1302:0:70c0:3bd6:1302:0
INFO         | Guest GLES Driver: Auto (ext controls)
INFO         | emuglConfig_init: vulkan_mode_selected:swiftshader gles_mode_selected:swiftshader
INFO         | Checking system compatibility:
INFO         |   Checking: hasCompatibleHypervisor
INFO         |      Ok: Hypervisor compatibility to run avd: `Medium_Phone` are met
INFO         |   Checking: hasSufficientSystem
INFO         |      Ok: System requirements to run avd: `Medium_Phone` are met
INFO         |   Checking: hasSufficientHwGpu
INFO         |      Ok: Hardware GPU compatibility checks are not required
INFO         |   Checking: hasSufficientDiskSpace
INFO         |      Ok: Disk space requirements to run avd: `Medium_Phone` are met
WARNING      | (metrics) failed to rename an abandoned log file 'emulator-metrics-b2536b28-6275-4a71-8b6e-5c0412267641-28124-0.open'
INFO         | Storing crashdata in: C:\Users\saisa\AppData\Local\Temp\\AndroidEmulator\emu-crash-37.1.11.db, detection is enabled for process: 4660
INFO         | Initializing gfxstream backend
INFO         | startOpenglesRendererImpl: gpu info
INFO         | GPU #1
  Make: 8086
  Model: Intel(R) UHD Graphics
  Device ID: 46a3

INFO         | Vulkan 1.4 is not supported for the guest and won't be enabled
INFO         | Disabling implicit Vulkan layers to avoid compatibility issues. Set VK_LOADER_LAYERS_DISABLE manually to disable this behavior.
INFO         | initIcdPaths: ICD set to 'swiftshader', using Swiftshader ICD
INFO         | Setting ICD filenames for the loader = C:\Users\saisa\AppData\Local\Android\Sdk\emulator\lib64\vulkan\vk_swiftshader_icd.json
INFO         | SharedLibrary::open for [C:\Users\saisa\AppData\Local\Android\Sdk\emulator\qemu\windows-x86_64\lib64\vulkan\vulkan-1.dll]
INFO         | SharedLibrary::open for [C:\Users\saisa\AppData\Local\Android\Sdk\emulator\lib64\vulkan\vulkan-1.dll]
INFO         | Added library: C:\Users\saisa\AppData\Local\Android\Sdk\emulator\lib64\vulkan\vulkan-1.dll
INFO         | Selecting Vulkan device: SwiftShader Device (LLVM 10.0.0), Version: 1.2.0
INFO         | Using Vulkan externalMemoryMode: HostAllocation for VkEmulation
INFO         | Initializing VkEmulation features:
INFO         |     glInteropSupported: false
INFO         |     useDeferredCommands: true
INFO         |     createResourceWithRequirements: true
INFO         |     useVulkanComposition: false
INFO         |     useVulkanNativeSwapchain: false
INFO         |     enable guestRenderDoc: false
INFO         |     ASTC LDR emulation mode: Gpu
INFO         |     enable ETC2 emulation: true
INFO         |     enable Ycbcr emulation: false
INFO         |     guestVulkanOnly: false
INFO         |     useDedicatedAllocations: false
INFO         |     guestVulkanMaxApiVersion: 1.3.0
INFO         |     enableProtectedMemoryEmulation: false
INFO         | Graphics Adapter Vendor Google (Google Inc.)
INFO         | Graphics Adapter Android Emulator OpenGL ES Translator (Google SwiftShader)
INFO         | Graphics API Version OpenGL ES 3.0 (OpenGL ES 3.0 SwiftShader 4.0.0.1)
INFO         | Graphics API Extensions GL_OES_EGL_sync GL_OES_EGL_image GL_OES_EGL_image_external GL_OES_depth24 GL_OES_depth32 GL_OES_element_index_uint GL_OES_texture_float GL_OES_texture_float_linear GL_OES_compressed_paletted_texture GL_OES_compressed_ETC1_RGB8_texture GL_OES_depth_texture GL_OES_texture_half_float GL_OES_texture_half_float_linear GL_OES_packed_depth_stencil GL_OES_vertex_half_float GL_OES_standard_derivatives GL_OES_texture_npot GL_OES_rgb8_rgba8 GL_EXT_color_buffer_float GL_EXT_color_buffer_half_float GL_EXT_texture_format_BGRA8888 GL_APPLE_texture_format_BGRA8888 
INFO         | Graphics Device Extensions N/A
INFO         | Disabling sparse binding feature support
INFO         | Sending adb public key [QAAAAJcTGIbZY5xa1++jXgLH0NKFa9j0yzex5DdAxrKxIquJC2Gi0CUJulX2OtzviHLFFFS6b/0z2+0JmfRFtXd+4OHNKkDfKPqEDxIXTy3KaixId3wu2DlUgq6prPT+zxSOGjU2MQW7vMQwZIRGgXBmhsV4HzAe1JvFmW49VUIaDuJFxcYOKbiXC3Hlu0/3wMq2mhXa2VPr2kmr6s+tqk8Idj0UEQ2MR/LGSFDWuDD6fMDvCsbVVJJiD9SThQpNqour/kQRnB0dEsNto1q0VFsSwYZ8+BhvOJPCvgcBmFBEgADU3lXkv7Gu3OgciCGLvivA4pstXjs3zM5txF14gIByJ9Fhtk6MVlrdbY32lSKhsycDLPSdUa/rzaYf9UX81AB4Y+5I8961/ntiMBrz2onG2NWz+vsH1aX4EjAVRl4cd1Gj31RPrZazjM+1On+PEiqZIXULF2l3vaN/9JPl+J4E/NqOPm+vZac2Eb5oGnYQ9+Oi3pceAyB4PyVHN67vP6nJ+h6Usnd2pqaUxN4YNsd8qThToo/H60/wmLBjfhunsrBkAvf4MPgPHyWC8nlcnZrQBoCCCM2IimtJgJ/iOOhN6azsg9T+jXAaHH1rpiYOupfDWD/xn6Sq44KI11d4GobvGme+IVY4b0gw1sMFPfn/FhuUR3iKl9WxvODOimMG8F7wZr5gEAEAAQA= @unknown]
INFO         | Userspace boot properties:
INFO         |   androidboot.boot_devices=pci0000:00/0000:00:03.0 pci0000:00/0000:00:06.0
INFO         |   androidboot.dalvik.vm.heapsize=576m
INFO         |   androidboot.debug.hwui.renderer=skiagl
INFO         |   androidboot.debug.sf.nobootanimation=1
INFO         |   androidboot.hardware=ranchu
INFO         |   androidboot.hardware.gltransport=pipe
INFO         |   androidboot.hardware.vulkan=ranchu
INFO         |   androidboot.logcat=*:V
INFO         |   androidboot.opengles.version=196608
INFO         |   androidboot.qemu=1
INFO         |   androidboot.qemu.adb.pubkey=QAAAAJcTGIbZY5xa1++jXgLH0NKFa9j0yzex5DdAxrKxIquJC2Gi0CUJulX2OtzviHLFFFS6b/0z2+0JmfRFtXd+4OHNKkDfKPqEDxIXTy3KaixId3wu2DlUgq6prPT+zxSOGjU2MQW7vMQwZIRGgXBmhsV4HzAe1JvFmW49VUIaDuJFxcYOKbiXC3Hlu0/3wMq2mhXa2VPr2kmr6s+tqk8Idj0UEQ2MR/LGSFDWuDD6fMDvCsbVVJJiD9SThQpNqour/kQRnB0dEsNto1q0VFsSwYZ8+BhvOJPCvgcBmFBEgADU3lXkv7Gu3OgciCGLvivA4pstXjs3zM5txF14gIByJ9Fhtk6MVlrdbY32lSKhsycDLPSdUa/rzaYf9UX81AB4Y+5I8961/ntiMBrz2onG2NWz+vsH1aX4EjAVRl4cd1Gj31RPrZazjM+1On+PEiqZIXULF2l3vaN/9JPl+J4E/NqOPm+vZac2Eb5oGnYQ9+Oi3pceAyB4PyVHN67vP6nJ+h6Usnd2pqaUxN4YNsd8qThToo/H60/wmLBjfhunsrBkAvf4MPgPHyWC8nlcnZrQBoCCCM2IimtJgJ/iOOhN6azsg9T+jXAaHH1rpiYOupfDWD/xn6Sq44KI11d4GobvGme+IVY4b0gw1sMFPfn/FhuUR3iKl9WxvODOimMG8F7wZr5gEAEAAQA= @unknown
INFO         |   androidboot.qemu.avd_name=Medium_Phone
INFO         |   androidboot.qemu.camera_hq_edge_processing=0
INFO         |   androidboot.qemu.camera_protocol_ver=1
INFO         |   androidboot.qemu.cpuvulkan.version=4210688
INFO         |   androidboot.qemu.gltransport.drawFlushInterval=800
INFO         |   androidboot.qemu.gltransport.name=pipe
INFO         |   androidboot.qemu.hwcodec.avcdec=2
INFO         |   androidboot.qemu.hwcodec.hevcdec=2
INFO         |   androidboot.qemu.hwcodec.vpxdec=2
INFO         |   androidboot.qemu.settings.system.screen_off_timeout=2147483647
INFO         |   androidboot.qemu.skin=1080x2400
INFO         |   androidboot.qemu.virtiowifi=1
INFO         |   androidboot.qemu.vsync=60
INFO         |   androidboot.serialno=EMULATOR37X1X11X0
INFO         |   androidboot.vbmeta.digest=f424461a0a397fda72fd179bc94e871022314ef1502d4ea1133175a87b4746ed
INFO         |   androidboot.vbmeta.hash_alg=sha256
INFO         |   androidboot.vbmeta.size=6720
INFO         |   androidboot.veritymode=enforcing
WHPX on Windows 10.0.26300 detected.
Windows Hypervisor Platform accelerator is operational
INFO         | Monitoring duration of emulator setup.
WARNING      | The emulator now requires a signed jwt token for gRPC access! Use the -grpc flag if you really want an open unprotected grpc port
INFO         | Using security allow list from: C:\Users\saisa\AppData\Local\Android\Sdk\emulator\lib\emulator_access.json
INFO         | The active JSON Web Key Sets can be found here: C:\Users\saisa\AppData\Local\Temp\avd\running\4660\jwks\5e9b981e-57e8-4049-a1dd-0ff641a12cef\active.jwk
INFO         | Scanning C:\Users\saisa\AppData\Local\Temp\avd\running\4660\jwks\5e9b981e-57e8-4049-a1dd-0ff641a12cef for jwk keys.
INFO         | Started GRPC server at 127.0.0.1:8554, security: Local, auth: +token
INFO         | Advertising in: C:\Users\saisa\AppData\Local\Temp\avd\running\pid_4660.ini
INFO         | Successfully initialized netsim WiFi
INFO         | Activated packet streamer for uwb emulation
INFO         | Activated packet streamer for bluetooth emulation
INFO         | Setting display: 0 configuration to: 1080x2400, dpi: 420x420 
INFO         | setDisplayActiveConfig: id:0, 1080x2400
WARNING      | getEnvironmentConfig: No environment config is provided
INFO         | getEnvironmentConfig: Using default virtual scene mode for the environment.
INFO         | getEnvironmentConfig: Using default configuration for mode mesh3d for the environment.
INFO         | Initializing a scene with mode: mesh3d, argument: Toren1BD.obj
USER_INFO    | Emulator is performing a full startup. This may take upto two minutes, or more.
INFO         | GPU Vendor=[Google (Google Inc.)]
INFO         | GPU Renderer=[Android Emulator OpenGL ES Translator (Google SwiftShader)]
INFO         | GPU Version=[OpenGL ES 3.0 (OpenGL ES 3.0 SwiftShader 4.0.0.1)]
INFO         | Boot completed in 67044 ms
INFO         | Increasing screen off timeout, logcat buffer size to 2M.
INFO         | IPv4 server found: 192.168.100.1
INFO         | Ignore IPv6 address: d8f6:28aa:1302:0:70f0:28aa:1302:0
INFO         | Ignore IPv6 address: d8f6:28aa:1302:0:70f0:28aa:1302:0
INFO         | Ignore IPv6 address: d8f6:28aa:1302:0:70f0:28aa:1302:0
INFO         | Ignore IPv6 address: c8fe:28aa:1302:0:70f0:28aa:1302:0
INFO         | Ignore IPv6 address: c8fe:28aa:1302:0:70f0:28aa:1302:0
INFO         | Ignore IPv6 address: c8fe:28aa:1302:0:70f0:28aa:1302:0
INFO         | Ignore IPv6 address: e004:29aa:1302:0:70f0:28aa:1302:0
INFO         | Ignore IPv6 address: e004:29aa:1302:0:70f0:28aa:1302:0
INFO         | Ignore IPv6 address: e004:29aa:1302:0:70f0:28aa:1302:0
INFO         | Ignore IPv6 address: 5012:29aa:1302:0:70f0:28aa:1302:0
INFO         | Ignore IPv6 address: 5012:29aa:1302:0:70f0:28aa:1302:0
INFO         | Ignore IPv6 address: 5012:29aa:1302:0:70f0:28aa:1302:0
INFO         | IPv4 server found: 192.168.100.1
INFO         | Ignore IPv6 address: d8f6:28aa:1302:0:70f0:28aa:1302:0
INFO         | Ignore IPv6 address: d8f6:28aa:1302:0:70f0:28aa:1302:0
INFO         | Ignore IPv6 address: d8f6:28aa:1302:0:70f0:28aa:1302:0
INFO         | Ignore IPv6 address: c8fe:28aa:1302:0:70f0:28aa:1302:0
INFO         | Ignore IPv6 address: c8fe:28aa:1302:0:70f0:28aa:1302:0
INFO         | Ignore IPv6 address: c8fe:28aa:1302:0:70f0:28aa:1302:0
INFO         | Ignore IPv6 address: e004:29aa:1302:0:70f0:28aa:1302:0
INFO         | Ignore IPv6 address: e004:29aa:1302:0:70f0:28aa:1302:0
INFO         | Ignore IPv6 address: e004:29aa:1302:0:70f0:28aa:1302:0
INFO         | Ignore IPv6 address: 5012:29aa:1302:0:70f0:28aa:1302:0
INFO         | Ignore IPv6 address: 5012:29aa:1302:0:70f0:28aa:1302:0
INFO         | Ignore IPv6 address: 5012:29aa:1302:0:70f0:28aa:1302:0
INFO         | IPv4 server found: 192.168.100.1
INFO         | Ignore IPv6 address: d8f6:28aa:1302:0:70f0:28aa:1302:0
INFO         | Ignore IPv6 address: d8f6:28aa:1302:0:70f0:28aa:1302:0
INFO         | Ignore IPv6 address: d8f6:28aa:1302:0:70f0:28aa:1302:0
INFO         | Ignore IPv6 address: c8fe:28aa:1302:0:70f0:28aa:1302:0
INFO         | Ignore IPv6 address: c8fe:28aa:1302:0:70f0:28aa:1302:0
INFO         | Ignore IPv6 address: c8fe:28aa:1302:0:70f0:28aa:1302:0
INFO         | Ignore IPv6 address: e004:29aa:1302:0:70f0:28aa:1302:0
INFO         | Ignore IPv6 address: e004:29aa:1302:0:70f0:28aa:1302:0
INFO         | Ignore IPv6 address: e004:29aa:1302:0:70f0:28aa:1302:0
INFO         | Ignore IPv6 address: 5012:29aa:1302:0:70f0:28aa:1302:0
INFO         | Ignore IPv6 address: 5012:29aa:1302:0:70f0:28aa:1302:0
INFO         | Ignore IPv6 address: 5012:29aa:1302:0:70f0:28aa:1302:0
INFO         | Created VkInstance:00000213A9E270A0 for application:'' engine:''.
INFO         | Destroyed VkInstance:00000213A9E270A0 for application:'' engine:''.
INFO         | Wait for emulator (pid 4660) 20 seconds to shutdown gracefully before kill;you can set environment variable ANDROID_EMULATOR_WAIT_TIME_BEFORE_KILL(in seconds) to change the default value (20 seconds)

WARNING      | Not saving state: RAM not mapped as shared
INFO         | Saving snapshot 'default_boot' using 66 ms
INFO         | removeScene: scene=0x21384f09ea0
INFO         | removeAll
WARNING      | Netsim Wifi dns:///localhost:4629 is gone due to Stream removed (CANCELLED)
