INSTRUMENTATION_STATUS: class=com.indianservers.aiexplorer.WorkspaceUx150TouchTest
INSTRUMENTATION_STATUS: current=1
INSTRUMENTATION_STATUS: id=AndroidJUnitRunner
INSTRUMENTATION_STATUS: numtests=4
INSTRUMENTATION_STATUS: stream=
com.indianservers.aiexplorer.WorkspaceUx150TouchTest:
INSTRUMENTATION_STATUS: test=geometry2d
INSTRUMENTATION_STATUS_CODE: 1
INSTRUMENTATION_STATUS: class=com.indianservers.aiexplorer.WorkspaceUx150TouchTest
INSTRUMENTATION_STATUS: current=1
INSTRUMENTATION_STATUS: id=AndroidJUnitRunner
INSTRUMENTATION_STATUS: numtests=4
INSTRUMENTATION_STATUS: stack=java.lang.AssertionError: GEOMETRY2D-UX-001: Action performScrollTo() failed.
Reason: Expected exactly '1' node but found '2' nodes that satisfy: (Text + InputText + EditableText contains 'Triangle' (ignoreCase: false))
Nodes found:
1) Node #69 at (l=102.0, t=764.0, r=978.0, b=932.0)px
ContentDataType = 'AndroidContentDataType(androidAutofillType=1)'
EditableText = 'Triangle'
FillableData = 'androidx.compose.ui.autofill.AndroidFillableData@ae9e6ce'
Focused = 'true'
ImeAction = 'Default'
InputText = 'Triangle'
IsEditable = 'true'
Text = '[Search shapes and tools]'
TextSelectionRange = 'TextRange(8, 8)'
Actions = [ClearTextSubstitution, GetTextLayoutResult, InsertTextAtCursor, MagnifierPositionInRoot, OnClick, OnFillData, OnLongClick, PasteText, PerformImeAction, RequestFocus, SetSelection, SetText, SetTextSubstitution, ShowTextSubstitution]
MergeDescendants = 'true'
Has 8 siblings
2) Node #87 at (l=120.0, t=1055.0, r=493.0, b=1302.0)px
Focused = 'false'
Shape = 'RoundedCornerShape(topStart = CornerSize(size = 12.0.dp), topEnd = CornerSize(size = 12.0.dp), bottomEnd = CornerSize(size = 12.0.dp), bottomStart = CornerSize(size = 12.0.dp))'
Text = '[TR, Triangle, A = 1/2 x b x h; P = a + b + c]'
Actions = [ClearTextSubstitution, GetTextLayoutResult, OnClick, RequestFocus, SetTextSubstitution, ShowTextSubstitution]
MergeDescendants = 'true'
Has 8 siblings

GEOMETRY2D-UX-002: Inspector must be open
GEOMETRY2D-UX-003: Objects must remain present
GEOMETRY2D-UX-004: Objects must remain present
GEOMETRY2D-UX-005: Objects must remain present
GEOMETRY2D-UX-006: Objects must remain present
GEOMETRY2D-UX-007: Objects must remain present
GEOMETRY2D-UX-008: Objects must remain present
GEOMETRY2D-UX-009: Objects must remain present
GEOMETRY2D-UX-010: Objects must remain present
GEOMETRY2D-UX-011: Objects must remain present
GEOMETRY2D-UX-012: Objects must remain present
GEOMETRY2D-UX-013: Objects must remain present
GEOMETRY2D-UX-014: Objects must remain present
GEOMETRY2D-UX-015: Objects must remain present
GEOMETRY2D-UX-016: Objects must remain present
GEOMETRY2D-UX-017: Objects must remain present
GEOMETRY2D-UX-018: Objects must remain present
GEOMETRY2D-UX-019: Objects must remain present
GEOMETRY2D-UX-020: Objects must remain present
GEOMETRY2D-UX-021: Objects must remain present
GEOMETRY2D-UX-022: Objects must remain present
GEOMETRY2D-UX-023: Objects must remain present
GEOMETRY2D-UX-024: Objects must remain present
GEOMETRY2D-UX-025: Objects must remain present
GEOMETRY2D-UX-026: Objects must remain present
GEOMETRY2D-UX-027: Objects must remain present
GEOMETRY2D-UX-028: Inspector must be open
GEOMETRY2D-UX-029: Objects must remain present
GEOMETRY2D-UX-030: Inspector must be open
GEOMETRY2D-UX-031: Objects must remain present
GEOMETRY2D-UX-032: Objects must remain present
GEOMETRY2D-UX-033: Action performScrollTo() failed.
Reason: Expected exactly '1' node but found '2' nodes that satisfy: (Text + InputText + EditableText contains 'Triangle' (ignoreCase: false))
Nodes found:
1) Node #931 at (l=102.0, t=354.0, r=978.0, b=522.0)px
ContentDataType = 'AndroidContentDataType(androidAutofillType=1)'
EditableText = 'Triangle'
FillableData = 'androidx.compose.ui.autofill.AndroidFillableData@14d0a81'
Focused = 'true'
ImeAction = 'Default'
InputText = 'Triangle'
IsEditable = 'true'
Text = '[Search shapes and tools]'
TextSelectionRange = 'TextRange(8, 8)'
Actions = [ClearTextSubstitution, GetTextLayoutResult, InsertTextAtCursor, MagnifierPositionInRoot, OnClick, OnFillData, OnLongClick, PasteText, PerformImeAction, RequestFocus, SetSelection, SetText, SetTextSubstitution, ShowTextSubstitution]
MergeDescendants = 'true'
Has 8 siblings
2) Node #949 at (l=120.0, t=645.0, r=493.0, b=892.0)px
Focused = 'false'
Shape = 'RoundedCornerShape(topStart = CornerSize(size = 12.0.dp), topEnd = CornerSize(size = 12.0.dp), bottomEnd = CornerSize(size = 12.0.dp), bottomStart = CornerSize(size = 12.0.dp))'
Text = '[TR, Triangle, A = 1/2 x b x h; P = a + b + c]'
Actions = [ClearTextSubstitution, GetTextLayoutResult, OnClick, RequestFocus, SetTextSubstitution, ShowTextSubstitution]
MergeDescendants = 'true'
Has 8 siblings

GEOMETRY2D-UX-034: Objects must remain present
GEOMETRY2D-UX-035: Objects must remain present
GEOMETRY2D-UX-036: Objects must remain present
GEOMETRY2D-UX-037: Inspector must be open
	at org.junit.Assert.fail(Assert.java:89)
	at org.junit.Assert.assertTrue(Assert.java:42)
	at com.indianservers.aiexplorer.WorkspaceUx150TouchTest.runWorkspace(WorkspaceUx150TouchTest.kt:189)
	at com.indianservers.aiexplorer.WorkspaceUx150TouchTest.geometry2d(WorkspaceUx150TouchTest.kt:120)

INSTRUMENTATION_STATUS: stream=
Error in geometry2d(com.indianservers.aiexplorer.WorkspaceUx150TouchTest):
java.lang.AssertionError: GEOMETRY2D-UX-001: Action performScrollTo() failed.
Reason: Expected exactly '1' node but found '2' nodes that satisfy: (Text + InputText + EditableText contains 'Triangle' (ignoreCase: false))
Nodes found:
1) Node #69 at (l=102.0, t=764.0, r=978.0, b=932.0)px
ContentDataType = 'AndroidContentDataType(androidAutofillType=1)'
EditableText = 'Triangle'
FillableData = 'androidx.compose.ui.autofill.AndroidFillableData@ae9e6ce'
Focused = 'true'
ImeAction = 'Default'
InputText = 'Triangle'
IsEditable = 'true'
Text = '[Search shapes and tools]'
TextSelectionRange = 'TextRange(8, 8)'
Actions = [ClearTextSubstitution, GetTextLayoutResult, InsertTextAtCursor, MagnifierPositionInRoot, OnClick, OnFillData, OnLongClick, PasteText, PerformImeAction, RequestFocus, SetSelection, SetText, SetTextSubstitution, ShowTextSubstitution]
MergeDescendants = 'true'
Has 8 siblings
2) Node #87 at (l=120.0, t=1055.0, r=493.0, b=1302.0)px
Focused = 'false'
Shape = 'RoundedCornerShape(topStart = CornerSize(size = 12.0.dp), topEnd = CornerSize(size = 12.0.dp), bottomEnd = CornerSize(size = 12.0.dp), bottomStart = CornerSize(size = 12.0.dp))'
Text = '[TR, Triangle, A = 1/2 x b x h; P = a + b + c]'
Actions = [ClearTextSubstitution, GetTextLayoutResult, OnClick, RequestFocus, SetTextSubstitution, ShowTextSubstitution]
MergeDescendants = 'true'
Has 8 siblings

GEOMETRY2D-UX-002: Inspector must be open
GEOMETRY2D-UX-003: Objects must remain present
GEOMETRY2D-UX-004: Objects must remain present
GEOMETRY2D-UX-005: Objects must remain present
GEOMETRY2D-UX-006: Objects must remain present
GEOMETRY2D-UX-007: Objects must remain present
GEOMETRY2D-UX-008: Objects must remain present
GEOMETRY2D-UX-009: Objects must remain present
GEOMETRY2D-UX-010: Objects must remain present
GEOMETRY2D-UX-011: Objects must remain present
GEOMETRY2D-UX-012: Objects must remain present
GEOMETRY2D-UX-013: Objects must remain present
GEOMETRY2D-UX-014: Objects must remain present
GEOMETRY2D-UX-015: Objects must remain present
GEOMETRY2D-UX-016: Objects must remain present
GEOMETRY2D-UX-017: Objects must remain present
GEOMETRY2D-UX-018: Objects must remain present
GEOMETRY2D-UX-019: Objects must remain present
GEOMETRY2D-UX-020: Objects must remain present
GEOMETRY2D-UX-021: Objects must remain present
GEOMETRY2D-UX-022: Objects must remain present
GEOMETRY2D-UX-023: Objects must remain present
GEOMETRY2D-UX-024: Objects must remain present
GEOMETRY2D-UX-025: Objects must remain present
GEOMETRY2D-UX-026: Objects must remain present
GEOMETRY2D-UX-027: Objects must remain present
GEOMETRY2D-UX-028: Inspector must be open
GEOMETRY2D-UX-029: Objects must remain present
GEOMETRY2D-UX-030: Inspector must be open
GEOMETRY2D-UX-031: Objects must remain present
GEOMETRY2D-UX-032: Objects must remain present
GEOMETRY2D-UX-033: Action performScrollTo() failed.
Reason: Expected exactly '1' node but found '2' nodes that satisfy: (Text + InputText + EditableText contains 'Triangle' (ignoreCase: false))
Nodes found:
1) Node #931 at (l=102.0, t=354.0, r=978.0, b=522.0)px
ContentDataType = 'AndroidContentDataType(androidAutofillType=1)'
EditableText = 'Triangle'
FillableData = 'androidx.compose.ui.autofill.AndroidFillableData@14d0a81'
Focused = 'true'
ImeAction = 'Default'
InputText = 'Triangle'
IsEditable = 'true'
Text = '[Search shapes and tools]'
TextSelectionRange = 'TextRange(8, 8)'
Actions = [ClearTextSubstitution, GetTextLayoutResult, InsertTextAtCursor, MagnifierPositionInRoot, OnClick, OnFillData, OnLongClick, PasteText, PerformImeAction, RequestFocus, SetSelection, SetText, SetTextSubstitution, ShowTextSubstitution]
MergeDescendants = 'true'
Has 8 siblings
2) Node #949 at (l=120.0, t=645.0, r=493.0, b=892.0)px
Focused = 'false'
Shape = 'RoundedCornerShape(topStart = CornerSize(size = 12.0.dp), topEnd = CornerSize(size = 12.0.dp), bottomEnd = CornerSize(size = 12.0.dp), bottomStart = CornerSize(size = 12.0.dp))'
Text = '[TR, Triangle, A = 1/2 x b x h; P = a + b + c]'
Actions = [ClearTextSubstitution, GetTextLayoutResult, OnClick, RequestFocus, SetTextSubstitution, ShowTextSubstitution]
MergeDescendants = 'true'
Has 8 siblings

GEOMETRY2D-UX-034: Objects must remain present
GEOMETRY2D-UX-035: Objects must remain present
GEOMETRY2D-UX-036: Objects must remain present
GEOMETRY2D-UX-037: Inspector must be open
	at org.junit.Assert.fail(Assert.java:89)
	at org.junit.Assert.assertTrue(Assert.java:42)
	at com.indianservers.aiexplorer.WorkspaceUx150TouchTest.runWorkspace(WorkspaceUx150TouchTest.kt:189)
	at com.indianservers.aiexplorer.WorkspaceUx150TouchTest.geometry2d(WorkspaceUx150TouchTest.kt:120)

INSTRUMENTATION_STATUS: test=geometry2d
INSTRUMENTATION_STATUS_CODE: -2
INSTRUMENTATION_STATUS: class=com.indianservers.aiexplorer.WorkspaceUx150TouchTest
INSTRUMENTATION_STATUS: current=2
INSTRUMENTATION_STATUS: id=AndroidJUnitRunner
INSTRUMENTATION_STATUS: numtests=4
INSTRUMENTATION_STATUS: stream=
INSTRUMENTATION_STATUS: test=geometry3d
INSTRUMENTATION_STATUS_CODE: 1
INSTRUMENTATION_STATUS: class=com.indianservers.aiexplorer.WorkspaceUx150TouchTest
INSTRUMENTATION_STATUS: current=2
INSTRUMENTATION_STATUS: id=AndroidJUnitRunner
INSTRUMENTATION_STATUS: numtests=4
INSTRUMENTATION_STATUS: stream=.
INSTRUMENTATION_STATUS: test=geometry3d
INSTRUMENTATION_STATUS_CODE: 0
INSTRUMENTATION_STATUS: class=com.indianservers.aiexplorer.WorkspaceUx150TouchTest
INSTRUMENTATION_STATUS: current=3
INSTRUMENTATION_STATUS: id=AndroidJUnitRunner
INSTRUMENTATION_STATUS: numtests=4
INSTRUMENTATION_STATUS: stream=
INSTRUMENTATION_STATUS: test=graph2d
INSTRUMENTATION_STATUS_CODE: 1
INSTRUMENTATION_STATUS: class=com.indianservers.aiexplorer.WorkspaceUx150TouchTest
INSTRUMENTATION_STATUS: current=3
INSTRUMENTATION_STATUS: id=AndroidJUnitRunner
INSTRUMENTATION_STATUS: numtests=4
INSTRUMENTATION_STATUS: stream=.
INSTRUMENTATION_STATUS: test=graph2d
INSTRUMENTATION_STATUS_CODE: 0
INSTRUMENTATION_STATUS: class=com.indianservers.aiexplorer.WorkspaceUx150TouchTest
INSTRUMENTATION_STATUS: current=4
INSTRUMENTATION_STATUS: id=AndroidJUnitRunner
INSTRUMENTATION_STATUS: numtests=4
INSTRUMENTATION_STATUS: stream=
INSTRUMENTATION_STATUS: test=graph3d
INSTRUMENTATION_STATUS_CODE: 1
INSTRUMENTATION_STATUS: class=com.indianservers.aiexplorer.WorkspaceUx150TouchTest
INSTRUMENTATION_STATUS: current=4
INSTRUMENTATION_STATUS: id=AndroidJUnitRunner
INSTRUMENTATION_STATUS: numtests=4
INSTRUMENTATION_STATUS: stack=java.lang.AssertionError: GRAPH3D-UX-001: Failed to inject touch input.
Can't retrieve node at index '-1' of 'ContentDescription = 'Clear complete input' (ignoreCase: false)'
There are no existing nodes for that selector.

GRAPH3D-UX-033: Failed to inject touch input.
Can't retrieve node at index '-1' of 'ContentDescription = 'Clear complete input' (ignoreCase: false)'
There are no existing nodes for that selector.

GRAPH3D-UX-038: Failed to inject touch input.
Can't retrieve node at index '-1' of 'ContentDescription = 'Clear complete input' (ignoreCase: false)'
There are no existing nodes for that selector.

	at org.junit.Assert.fail(Assert.java:89)
	at org.junit.Assert.assertTrue(Assert.java:42)
	at com.indianservers.aiexplorer.WorkspaceUx150TouchTest.runWorkspace(WorkspaceUx150TouchTest.kt:189)
	at com.indianservers.aiexplorer.WorkspaceUx150TouchTest.graph3d(WorkspaceUx150TouchTest.kt:119)

INSTRUMENTATION_STATUS: stream=
Error in graph3d(com.indianservers.aiexplorer.WorkspaceUx150TouchTest):
java.lang.AssertionError: GRAPH3D-UX-001: Failed to inject touch input.
Can't retrieve node at index '-1' of 'ContentDescription = 'Clear complete input' (ignoreCase: false)'
There are no existing nodes for that selector.

GRAPH3D-UX-033: Failed to inject touch input.
Can't retrieve node at index '-1' of 'ContentDescription = 'Clear complete input' (ignoreCase: false)'
There are no existing nodes for that selector.

GRAPH3D-UX-038: Failed to inject touch input.
Can't retrieve node at index '-1' of 'ContentDescription = 'Clear complete input' (ignoreCase: false)'
There are no existing nodes for that selector.

	at org.junit.Assert.fail(Assert.java:89)
	at org.junit.Assert.assertTrue(Assert.java:42)
	at com.indianservers.aiexplorer.WorkspaceUx150TouchTest.runWorkspace(WorkspaceUx150TouchTest.kt:189)
	at com.indianservers.aiexplorer.WorkspaceUx150TouchTest.graph3d(WorkspaceUx150TouchTest.kt:119)

INSTRUMENTATION_STATUS: test=graph3d
INSTRUMENTATION_STATUS_CODE: -2
INSTRUMENTATION_RESULT: stream=

Time: 150.043
There were 2 failures:
1) geometry2d(com.indianservers.aiexplorer.WorkspaceUx150TouchTest)
java.lang.AssertionError: GEOMETRY2D-UX-001: Action performScrollTo() failed.
Reason: Expected exactly '1' node but found '2' nodes that satisfy: (Text + InputText + EditableText contains 'Triangle' (ignoreCase: false))
Nodes found:
1) Node #69 at (l=102.0, t=764.0, r=978.0, b=932.0)px
ContentDataType = 'AndroidContentDataType(androidAutofillType=1)'
EditableText = 'Triangle'
FillableData = 'androidx.compose.ui.autofill.AndroidFillableData@ae9e6ce'
Focused = 'true'
ImeAction = 'Default'
InputText = 'Triangle'
IsEditable = 'true'
Text = '[Search shapes and tools]'
TextSelectionRange = 'TextRange(8, 8)'
Actions = [ClearTextSubstitution, GetTextLayoutResult, InsertTextAtCursor, MagnifierPositionInRoot, OnClick, OnFillData, OnLongClick, PasteText, PerformImeAction, RequestFocus, SetSelection, SetText, SetTextSubstitution, ShowTextSubstitution]
MergeDescendants = 'true'
Has 8 siblings
2) Node #87 at (l=120.0, t=1055.0, r=493.0, b=1302.0)px
Focused = 'false'
Shape = 'RoundedCornerShape(topStart = CornerSize(size = 12.0.dp), topEnd = CornerSize(size = 12.0.dp), bottomEnd = CornerSize(size = 12.0.dp), bottomStart = CornerSize(size = 12.0.dp))'
Text = '[TR, Triangle, A = 1/2 x b x h; P = a + b + c]'
Actions = [ClearTextSubstitution, GetTextLayoutResult, OnClick, RequestFocus, SetTextSubstitution, ShowTextSubstitution]
MergeDescendants = 'true'
Has 8 siblings

GEOMETRY2D-UX-002: Inspector must be open
GEOMETRY2D-UX-003: Objects must remain present
GEOMETRY2D-UX-004: Objects must remain present
GEOMETRY2D-UX-005: Objects must remain present
GEOMETRY2D-UX-006: Objects must remain present
GEOMETRY2D-UX-007: Objects must remain present
GEOMETRY2D-UX-008: Objects must remain present
GEOMETRY2D-UX-009: Objects must remain present
GEOMETRY2D-UX-010: Objects must remain present
GEOMETRY2D-UX-011: Objects must remain present
GEOMETRY2D-UX-012: Objects must remain present
GEOMETRY2D-UX-013: Objects must remain present
GEOMETRY2D-UX-014: Objects must remain present
GEOMETRY2D-UX-015: Objects must remain present
GEOMETRY2D-UX-016: Objects must remain present
GEOMETRY2D-UX-017: Objects must remain present
GEOMETRY2D-UX-018: Objects must remain present
GEOMETRY2D-UX-019: Objects must remain present
GEOMETRY2D-UX-020: Objects must remain present
GEOMETRY2D-UX-021: Objects must remain present
GEOMETRY2D-UX-022: Objects must remain present
GEOMETRY2D-UX-023: Objects must remain present
GEOMETRY2D-UX-024: Objects must remain present
GEOMETRY2D-UX-025: Objects must remain present
GEOMETRY2D-UX-026: Objects must remain present
GEOMETRY2D-UX-027: Objects must remain present
GEOMETRY2D-UX-028: Inspector must be open
GEOMETRY2D-UX-029: Objects must remain present
GEOMETRY2D-UX-030: Inspector must be open
GEOMETRY2D-UX-031: Objects must remain present
GEOMETRY2D-UX-032: Objects must remain present
GEOMETRY2D-UX-033: Action performScrollTo() failed.
Reason: Expected exactly '1' node but found '2' nodes that satisfy: (Text + InputText + EditableText contains 'Triangle' (ignoreCase: false))
Nodes found:
1) Node #931 at (l=102.0, t=354.0, r=978.0, b=522.0)px
ContentDataType = 'AndroidContentDataType(androidAutofillType=1)'
EditableText = 'Triangle'
FillableData = 'androidx.compose.ui.autofill.AndroidFillableData@14d0a81'
Focused = 'true'
ImeAction = 'Default'
InputText = 'Triangle'
IsEditable = 'true'
Text = '[Search shapes and tools]'
TextSelectionRange = 'TextRange(8, 8)'
Actions = [ClearTextSubstitution, GetTextLayoutResult, InsertTextAtCursor, MagnifierPositionInRoot, OnClick, OnFillData, OnLongClick, PasteText, PerformImeAction, RequestFocus, SetSelection, SetText, SetTextSubstitution, ShowTextSubstitution]
MergeDescendants = 'true'
Has 8 siblings
2) Node #949 at (l=120.0, t=645.0, r=493.0, b=892.0)px
Focused = 'false'
Shape = 'RoundedCornerShape(topStart = CornerSize(size = 12.0.dp), topEnd = CornerSize(size = 12.0.dp), bottomEnd = CornerSize(size = 12.0.dp), bottomStart = CornerSize(size = 12.0.dp))'
Text = '[TR, Triangle, A = 1/2 x b x h; P = a + b + c]'
Actions = [ClearTextSubstitution, GetTextLayoutResult, OnClick, RequestFocus, SetTextSubstitution, ShowTextSubstitution]
MergeDescendants = 'true'
Has 8 siblings

GEOMETRY2D-UX-034: Objects must remain present
GEOMETRY2D-UX-035: Objects must remain present
GEOMETRY2D-UX-036: Objects must remain present
GEOMETRY2D-UX-037: Inspector must be open
	at org.junit.Assert.fail(Assert.java:89)
	at org.junit.Assert.assertTrue(Assert.java:42)
	at com.indianservers.aiexplorer.WorkspaceUx150TouchTest.runWorkspace(WorkspaceUx150TouchTest.kt:189)
	at com.indianservers.aiexplorer.WorkspaceUx150TouchTest.geometry2d(WorkspaceUx150TouchTest.kt:120)
2) graph3d(com.indianservers.aiexplorer.WorkspaceUx150TouchTest)
java.lang.AssertionError: GRAPH3D-UX-001: Failed to inject touch input.
Can't retrieve node at index '-1' of 'ContentDescription = 'Clear complete input' (ignoreCase: false)'
There are no existing nodes for that selector.

GRAPH3D-UX-033: Failed to inject touch input.
Can't retrieve node at index '-1' of 'ContentDescription = 'Clear complete input' (ignoreCase: false)'
There are no existing nodes for that selector.

GRAPH3D-UX-038: Failed to inject touch input.
Can't retrieve node at index '-1' of 'ContentDescription = 'Clear complete input' (ignoreCase: false)'
There are no existing nodes for that selector.

	at org.junit.Assert.fail(Assert.java:89)
	at org.junit.Assert.assertTrue(Assert.java:42)
	at com.indianservers.aiexplorer.WorkspaceUx150TouchTest.runWorkspace(WorkspaceUx150TouchTest.kt:189)
	at com.indianservers.aiexplorer.WorkspaceUx150TouchTest.graph3d(WorkspaceUx150TouchTest.kt:119)

FAILURES!!!
Tests run: 4,  Failures: 2


INSTRUMENTATION_CODE: -1
