> Task :app:preBuild UP-TO-DATE
> Task :app:preDebugBuild UP-TO-DATE
> Task :app:generateDebugResources UP-TO-DATE
> Task :app:processDebugGoogleServices UP-TO-DATE
> Task :app:packageDebugResources UP-TO-DATE
> Task :ar3dgraph:preBuild UP-TO-DATE
> Task :ar3dgraph:preDebugBuild UP-TO-DATE
> Task :ar3dgraph:processDebugNavigationResources UP-TO-DATE
> Task :arengine:preBuild UP-TO-DATE
> Task :arengine:preDebugBuild UP-TO-DATE
> Task :arengine:processDebugNavigationResources UP-TO-DATE
> Task :app:processDebugNavigationResources UP-TO-DATE
> Task :app:parseDebugLocalResources UP-TO-DATE
> Task :app:generateDebugRFile UP-TO-DATE
> Task :ar3dgraph:generateDebugResources UP-TO-DATE
> Task :ar3dgraph:packageDebugResources UP-TO-DATE
> Task :ar3dgraph:parseDebugLocalResources UP-TO-DATE
> Task :ar3dgraph:generateDebugRFile UP-TO-DATE
> Task :arengine:generateDebugResources UP-TO-DATE
> Task :arengine:packageDebugResources UP-TO-DATE
> Task :arengine:parseDebugLocalResources UP-TO-DATE
> Task :arengine:generateDebugRFile UP-TO-DATE
> Task :arengine:compileDebugKotlin UP-TO-DATE
> Task :arengine:javaPreCompileDebug UP-TO-DATE
> Task :arengine:compileDebugJavaWithJavac NO-SOURCE
> Task :arengine:bundleLibCompileToJarDebug UP-TO-DATE
> Task :ar3dgraph:compileDebugKotlin UP-TO-DATE
> Task :ar3dgraph:javaPreCompileDebug UP-TO-DATE
> Task :ar3dgraph:compileDebugJavaWithJavac NO-SOURCE
> Task :ar3dgraph:bundleLibCompileToJarDebug UP-TO-DATE
> Task :app:compileDebugKotlin UP-TO-DATE
> Task :app:javaPreCompileDebug UP-TO-DATE
> Task :app:compileDebugJavaWithJavac NO-SOURCE
> Task :ar3dgraph:writeDebugAarMetadata UP-TO-DATE
> Task :arengine:writeDebugAarMetadata UP-TO-DATE
> Task :app:checkDebugAarMetadata UP-TO-DATE
> Task :app:mapDebugSourceSetPaths UP-TO-DATE
> Task :app:compileDebugNavigationResources UP-TO-DATE
> Task :app:mergeDebugResources UP-TO-DATE
> Task :app:createDebugCompatibleScreenManifests UP-TO-DATE
> Task :app:extractDeepLinksDebug UP-TO-DATE
> Task :ar3dgraph:extractDeepLinksDebug UP-TO-DATE
> Task :ar3dgraph:processDebugManifest UP-TO-DATE
> Task :arengine:extractDeepLinksDebug UP-TO-DATE
> Task :arengine:processDebugManifest UP-TO-DATE
> Task :app:processDebugMainManifest UP-TO-DATE
> Task :app:processDebugManifest UP-TO-DATE
> Task :app:processDebugManifestForPackage UP-TO-DATE
> Task :ar3dgraph:mapDebugSourceSetPaths UP-TO-DATE
> Task :ar3dgraph:compileDebugLibraryResources UP-TO-DATE
> Task :arengine:mapDebugSourceSetPaths UP-TO-DATE
> Task :arengine:compileDebugLibraryResources UP-TO-DATE
> Task :app:processDebugResources UP-TO-DATE
> Task :app:bundleDebugClassesToCompileJar UP-TO-DATE
> Task :app:preDebugAndroidTestBuild SKIPPED
> Task :app:generateDebugAndroidTestResources UP-TO-DATE
> Task :app:packageDebugAndroidTestResources UP-TO-DATE
> Task :app:processDebugAndroidTestNavigationResources UP-TO-DATE
> Task :app:parseDebugAndroidTestLocalResources UP-TO-DATE
> Task :app:generateDebugAndroidTestRFile UP-TO-DATE
> Task :app:javaPreCompileDebugAndroidTest UP-TO-DATE
> Task :app:generateDebugAndroidTestAssets UP-TO-DATE
> Task :app:prepareSolverGoldenAndroidTestAssets UP-TO-DATE
> Task :ar3dgraph:generateDebugAssets UP-TO-DATE
> Task :ar3dgraph:mergeDebugAssets UP-TO-DATE
> Task :arengine:generateDebugAssets UP-TO-DATE
> Task :arengine:mergeDebugAssets UP-TO-DATE
> Task :app:mergeDebugAndroidTestAssets UP-TO-DATE
> Task :app:compressDebugAndroidTestAssets UP-TO-DATE
> Task :app:generateDebugAndroidTestGlobalSynthetics UP-TO-DATE
> Task :ar3dgraph:processDebugJavaRes UP-TO-DATE
> Task :arengine:processDebugJavaRes UP-TO-DATE
> Task :app:checkDebugAndroidTestDuplicateClasses UP-TO-DATE
> Task :app:desugarDebugAndroidTestFileDependencies UP-TO-DATE
> Task :app:mergeExtDexDebugAndroidTest UP-TO-DATE
> Task :ar3dgraph:bundleLibRuntimeToDirDebug UP-TO-DATE
> Task :arengine:bundleLibRuntimeToDirDebug UP-TO-DATE
> Task :app:checkDebugAndroidTestAarMetadata UP-TO-DATE
> Task :app:mergeLibDexDebugAndroidTest UP-TO-DATE
> Task :app:mapDebugAndroidTestSourceSetPaths UP-TO-DATE
> Task :app:compileDebugAndroidTestNavigationResources UP-TO-DATE
> Task :app:mergeDebugAndroidTestResources UP-TO-DATE
> Task :app:mergeDebugAndroidTestManifest UP-TO-DATE
> Task :app:processDebugAndroidTestManifest UP-TO-DATE
> Task :app:processDebugAndroidTestResources UP-TO-DATE
> Task :app:mergeDebugAndroidTestJniLibFolders UP-TO-DATE
> Task :app:mergeDebugJniLibFolders UP-TO-DATE
> Task :ar3dgraph:mergeDebugJniLibFolders UP-TO-DATE
> Task :ar3dgraph:mergeDebugNativeLibs NO-SOURCE
> Task :ar3dgraph:copyDebugJniLibsProjectOnly UP-TO-DATE
> Task :arengine:mergeDebugJniLibFolders UP-TO-DATE
> Task :arengine:mergeDebugNativeLibs NO-SOURCE
> Task :arengine:copyDebugJniLibsProjectOnly UP-TO-DATE
> Task :app:mergeDebugNativeLibs UP-TO-DATE
> Task :app:mergeDebugAndroidTestNativeLibs NO-SOURCE
> Task :app:stripDebugAndroidTestDebugSymbols NO-SOURCE
> Task :app:validateSigningDebugAndroidTest UP-TO-DATE
> Task :app:writeDebugAndroidTestSigningConfigVersions UP-TO-DATE

> Task :app:compileDebugAndroidTestKotlin
w: file:///C:/Indian%20Servers/AIExplorer/app/src/androidTest/java/com/indianservers/aiexplorer/WorkspaceUx150TouchTest.kt:22:29 'fun createEmptyComposeRule(effectContext: CoroutineContext = ...): ComposeTestRule' is deprecated. Use `androidx.compose.ui.test.junit4.v2.createEmptyComposeRule` instead. The v2 APIs use StandardTestDispatcher instead of UnconfinedTestDispatcher, which aligns with standard coroutine behavior by queuing tasks rather than executing them immediately. Tests relying on immediate execution may require explicit synchronization. Please refer to the migration guide for more details.

> Task :app:compileDebugAndroidTestJavaWithJavac NO-SOURCE
> Task :app:processDebugAndroidTestJavaRes UP-TO-DATE
> Task :app:mergeDebugAndroidTestJavaResource UP-TO-DATE
> Task :app:dexBuilderDebugAndroidTest
> Task :app:mergeProjectDexDebugAndroidTest
> Task :app:packageDebugAndroidTest
> Task :app:createDebugAndroidTestApkListingFileRedirect UP-TO-DATE
> Task :app:assembleDebugAndroidTest

[Incubating] Problems report is available at: file:///C:/Indian%20Servers/AIExplorer/build/reports/problems/problems-report.html

Deprecated Gradle features were used in this build, making it incompatible with Gradle 10.

You can use '--warning-mode all' to show the individual deprecation warnings and determine if they come from your own scripts or plugins.

For more on this, please refer to https://docs.gradle.org/9.6.1/userguide/command_line_interface.html#sec:command_line_warnings in the Gradle documentation.

BUILD SUCCESSFUL in 2s
88 actionable tasks: 4 executed, 84 up-to-date
Consider enabling configuration cache to speed up this build: https://docs.gradle.org/9.6.1/userguide/configuration_cache_enabling.html
