INSTRUMENTATION_STATUS: class=com.indianservers.aiexplorer.WorkspaceUx150TouchTest
INSTRUMENTATION_STATUS: current=1
INSTRUMENTATION_STATUS: id=AndroidJUnitRunner
INSTRUMENTATION_STATUS: numtests=4
INSTRUMENTATION_STATUS: stream=
com.indianservers.aiexplorer.WorkspaceUx150TouchTest:
INSTRUMENTATION_STATUS: test=geometry2d
INSTRUMENTATION_STATUS_CODE: 1
INSTRUMENTATION_STATUS: class=com.indianservers.aiexplorer.WorkspaceUx150TouchTest
INSTRUMENTATION_STATUS: current=1
INSTRUMENTATION_STATUS: id=AndroidJUnitRunner
INSTRUMENTATION_STATUS: numtests=4
INSTRUMENTATION_STATUS: stream=.
INSTRUMENTATION_STATUS: test=geometry2d
INSTRUMENTATION_STATUS_CODE: 0
INSTRUMENTATION_STATUS: class=com.indianservers.aiexplorer.WorkspaceUx150TouchTest
INSTRUMENTATION_STATUS: current=2
INSTRUMENTATION_STATUS: id=AndroidJUnitRunner
INSTRUMENTATION_STATUS: numtests=4
INSTRUMENTATION_STATUS: stream=
INSTRUMENTATION_STATUS: test=geometry3d
INSTRUMENTATION_STATUS_CODE: 1
INSTRUMENTATION_STATUS: class=com.indianservers.aiexplorer.WorkspaceUx150TouchTest
INSTRUMENTATION_STATUS: current=2
INSTRUMENTATION_STATUS: id=AndroidJUnitRunner
INSTRUMENTATION_STATUS: numtests=4
INSTRUMENTATION_STATUS: stream=.
INSTRUMENTATION_STATUS: test=geometry3d
INSTRUMENTATION_STATUS_CODE: 0
INSTRUMENTATION_STATUS: class=com.indianservers.aiexplorer.WorkspaceUx150TouchTest
INSTRUMENTATION_STATUS: current=3
INSTRUMENTATION_STATUS: id=AndroidJUnitRunner
INSTRUMENTATION_STATUS: numtests=4
INSTRUMENTATION_STATUS: stream=
INSTRUMENTATION_STATUS: test=graph2d
INSTRUMENTATION_STATUS_CODE: 1
INSTRUMENTATION_STATUS: class=com.indianservers.aiexplorer.WorkspaceUx150TouchTest
INSTRUMENTATION_STATUS: current=3
INSTRUMENTATION_STATUS: id=AndroidJUnitRunner
INSTRUMENTATION_STATUS: numtests=4
INSTRUMENTATION_STATUS: stream=.
INSTRUMENTATION_STATUS: test=graph2d
INSTRUMENTATION_STATUS_CODE: 0
INSTRUMENTATION_STATUS: class=com.indianservers.aiexplorer.WorkspaceUx150TouchTest
INSTRUMENTATION_STATUS: current=4
INSTRUMENTATION_STATUS: id=AndroidJUnitRunner
INSTRUMENTATION_STATUS: numtests=4
INSTRUMENTATION_STATUS: stream=
INSTRUMENTATION_STATUS: test=graph3d
INSTRUMENTATION_STATUS_CODE: 1
INSTRUMENTATION_STATUS: class=com.indianservers.aiexplorer.WorkspaceUx150TouchTest
INSTRUMENTATION_STATUS: current=4
INSTRUMENTATION_STATUS: id=AndroidJUnitRunner
INSTRUMENTATION_STATUS: numtests=4
INSTRUMENTATION_STATUS: stream=.
INSTRUMENTATION_STATUS: test=graph3d
INSTRUMENTATION_STATUS_CODE: 0
INSTRUMENTATION_RESULT: stream=

Time: 145.409

OK (4 tests)


INSTRUMENTATION_CODE: -1
