
C:\Indian Servers\AIExplorer>if "Windows_NT" == "Windows_NT" setlocal

C:\Indian Servers\AIExplorer>set DIRNAME=C:\Indian Servers\AIExplorer\ 

C:\Indian Servers\AIExplorer>if "C:\Indian Servers\AIExplorer\" == "" set DIRNAME=. 

C:\Indian Servers\AIExplorer>set APP_BASE_NAME=gradlew 

C:\Indian Servers\AIExplorer>set APP_HOME=C:\Indian Servers\AIExplorer\ 

C:\Indian Servers\AIExplorer>for %i in ("C:\Indian Servers\AIExplorer\") do set APP_HOME=%~fi 

C:\Indian Servers\AIExplorer>set APP_HOME=C:\Indian Servers\AIExplorer\ 

C:\Indian Servers\AIExplorer>set DEFAULT_JVM_OPTS="-Xmx64m" "-Xms64m" 

C:\Indian Servers\AIExplorer>if defined JAVA_HOME goto findJavaFromJavaHome 

C:\Indian Servers\AIExplorer>set JAVA_EXE=java.exe 

C:\Indian Servers\AIExplorer>java.exe -version  1>NUL 2>&1 

C:\Indian Servers\AIExplorer>if 0 EQU 0 goto execute 

C:\Indian Servers\AIExplorer>set CLASSPATH= 

C:\Indian Servers\AIExplorer>"java.exe" "-Xmx64m" "-Xms64m"   "-Dorg.gradle.appname=gradlew" -classpath "" -jar "C:\Indian Servers\AIExplorer\\gradle\wrapper\gradle-wrapper.jar" :app:compileDebugKotlin --no-daemon --console=plain 
To honour the JVM settings for this build a single-use Daemon process will be forked. For more on this, please refer to https://docs.gradle.org/9.3.1/userguide/gradle_daemon.html#sec:disabling_the_daemon in the Gradle documentation.
Daemon will be stopped at the end of the build 
> Task :app:preBuild UP-TO-DATE
> Task :app:preDebugBuild UP-TO-DATE
> Task :app:generateDebugResources UP-TO-DATE
> Task :app:packageDebugResources UP-TO-DATE
> Task :arengine:preBuild UP-TO-DATE
> Task :arengine:preDebugBuild UP-TO-DATE
> Task :arengine:processDebugNavigationResources UP-TO-DATE
> Task :app:processDebugNavigationResources UP-TO-DATE
> Task :app:parseDebugLocalResources UP-TO-DATE
> Task :app:generateDebugRFile UP-TO-DATE
> Task :arengine:generateDebugResources UP-TO-DATE
> Task :arengine:packageDebugResources UP-TO-DATE
> Task :arengine:parseDebugLocalResources UP-TO-DATE
> Task :arengine:generateDebugRFile UP-TO-DATE
> Task :arengine:compileDebugKotlin UP-TO-DATE
> Task :arengine:javaPreCompileDebug UP-TO-DATE
> Task :arengine:compileDebugJavaWithJavac NO-SOURCE
> Task :arengine:bundleLibCompileToJarDebug UP-TO-DATE
> Task :app:compileDebugKotlin UP-TO-DATE

BUILD SUCCESSFUL in 18s
14 actionable tasks: 14 up-to-date
Consider enabling configuration cache to speed up this build: https://docs.gradle.org/9.3.1/userguide/configuration_cache_enabling.html

C:\Indian Servers\AIExplorer>if 0 EQU 0 goto mainEnd 

C:\Indian Servers\AIExplorer>if "Windows_NT" == "Windows_NT" endlocal
